Feb 14 15:05:13 z4s-JasperLake-Platform kernel: [    0.000000] Linux version 5.15.0-60-generic (buildd@lcy02-amd64-017) (gcc (Ubuntu 9.4.0-1ubuntu1~20.04.1) 9.4.0, GNU ld (GNU Binutils for Ubuntu) 2.34) #66~20.04.1-Ubuntu SMP Wed Jan 25 09:41:30 UTC 2023 (Ubuntu 5.15.0-60.66~20.04.1-generic 5.15.78)
Feb 14 15:05:13 z4s-JasperLake-Platform kernel: [    0.000000] Command line: BOOT_IMAGE=/boot/vmlinuz-5.15.0-60-generic root=UUID=77e2289a-c207-4821-9228-11a454212452 ro quiet splash vt.handoff=7
Feb 14 15:05:13 z4s-JasperLake-Platform kernel: [    0.000000] KERNEL supported cpus:
Feb 14 15:05:13 z4s-JasperLake-Platform kernel: [    0.000000]   Intel GenuineIntel
Feb 14 15:05:13 z4s-JasperLake-Platform kernel: [    0.000000]   AMD AuthenticAMD
Feb 14 15:05:13 z4s-JasperLake-Platform kernel: [    0.000000]   Hygon HygonGenuine
Feb 14 15:05:13 z4s-JasperLake-Platform kernel: [    0.000000]   Centaur CentaurHauls
Feb 14 15:05:13 z4s-JasperLake-Platform kernel: [    0.000000]   zhaoxin   Shanghai  
Feb 14 15:05:13 z4s-JasperLake-Platform kernel: [    0.000000] x86/split lock detection: #AC: crashing the kernel on kernel split_locks and warning on user-space split_locks
Feb 14 15:05:13 z4s-JasperLake-Platform kernel: [    0.000000] x86/fpu: Supporting XSAVE feature 0x001: 'x87 floating point registers'
Feb 14 15:05:13 z4s-JasperLake-Platform kernel: [    0.000000] x86/fpu: Supporting XSAVE feature 0x002: 'SSE registers'
Feb 14 15:05:13 z4s-JasperLake-Platform kernel: [    0.000000] x86/fpu: Enabled xstate features 0x3, context size is 576 bytes, using 'compacted' format.
Feb 14 15:05:13 z4s-JasperLake-Platform kernel: [    0.000000] signal: max sigframe size: 1520
Feb 14 15:05:13 z4s-JasperLake-Platform kernel: [    0.000000] BIOS-provided physical RAM map:
Feb 14 15:05:13 z4s-JasperLake-Platform kernel: [    0.000000] BIOS-e820: [mem 0x0000000000000000-0x000000000009efff] usable
Feb 14 15:05:13 z4s-JasperLake-Platform kernel: [    0.000000] BIOS-e820: [mem 0x000000000009f000-0x00000000000fffff] reserved
Feb 14 15:05:13 z4s-JasperLake-Platform kernel: [    0.000000] BIOS-e820: [mem 0x0000000000100000-0x0000000072a16fff] usable
Feb 14 15:05:13 z4s-JasperLake-Platform kernel: [    0.000000] BIOS-e820: [mem 0x0000000072a17000-0x0000000077cc5fff] reserved
Feb 14 15:05:13 z4s-JasperLake-Platform kernel: [    0.000000] BIOS-e820: [mem 0x0000000077cc6000-0x000000007897efff] ACPI NVS
Feb 14 15:05:13 z4s-JasperLake-Platform kernel: [    0.000000] BIOS-e820: [mem 0x000000007897f000-0x0000000078bfefff] ACPI data
Feb 14 15:05:13 z4s-JasperLake-Platform kernel: [    0.000000] BIOS-e820: [mem 0x0000000078bff000-0x0000000078bfffff] usable
Feb 14 15:05:13 z4s-JasperLake-Platform kernel: [    0.000000] BIOS-e820: [mem 0x0000000078c00000-0x000000007fbfffff] reserved
Feb 14 15:05:13 z4s-JasperLake-Platform kernel: [    0.000000] BIOS-e820: [mem 0x00000000fed20000-0x00000000fed7ffff] reserved
Feb 14 15:05:13 z4s-JasperLake-Platform kernel: [    0.000000] BIOS-e820: [mem 0x0000000100000000-0x00000001803fffff] usable
Feb 14 15:05:13 z4s-JasperLake-Platform kernel: [    0.000000] NX (Execute Disable) protection: active
Feb 14 15:05:13 z4s-JasperLake-Platform kernel: [    0.000000] e820: update [mem 0x6d46b018-0x6d48be57] usable ==> usable
Feb 14 15:05:13 z4s-JasperLake-Platform kernel: [    0.000000] e820: update [mem 0x6d46b018-0x6d48be57] usable ==> usable
Feb 14 15:05:13 z4s-JasperLake-Platform kernel: [    0.000000] e820: update [mem 0x6d44a018-0x6d46ae57] usable ==> usable
Feb 14 15:05:13 z4s-JasperLake-Platform kernel: [    0.000000] e820: update [mem 0x6d44a018-0x6d46ae57] usable ==> usable
Feb 14 15:05:13 z4s-JasperLake-Platform kernel: [    0.000000] extended physical RAM map:
Feb 14 15:05:13 z4s-JasperLake-Platform kernel: [    0.000000] reserve setup_data: [mem 0x0000000000000000-0x000000000009efff] usable
Feb 14 15:05:13 z4s-JasperLake-Platform kernel: [    0.000000] reserve setup_data: [mem 0x000000000009f000-0x00000000000fffff] reserved
Feb 14 15:05:13 z4s-JasperLake-Platform kernel: [    0.000000] reserve setup_data: [mem 0x0000000000100000-0x000000006d44a017] usable
Feb 14 15:05:13 z4s-JasperLake-Platform kernel: [    0.000000] reserve setup_data: [mem 0x000000006d44a018-0x000000006d46ae57] usable
Feb 14 15:05:13 z4s-JasperLake-Platform kernel: [    0.000000] reserve setup_data: [mem 0x000000006d46ae58-0x000000006d46b017] usable
Feb 14 15:05:13 z4s-JasperLake-Platform kernel: [    0.000000] reserve setup_data: [mem 0x000000006d46b018-0x000000006d48be57] usable
Feb 14 15:05:13 z4s-JasperLake-Platform kernel: [    0.000000] reserve setup_data: [mem 0x000000006d48be58-0x0000000072a16fff] usable
Feb 14 15:05:13 z4s-JasperLake-Platform kernel: [    0.000000] reserve setup_data: [mem 0x0000000072a17000-0x0000000077cc5fff] reserved
Feb 14 15:05:13 z4s-JasperLake-Platform kernel: [    0.000000] reserve setup_data: [mem 0x0000000077cc6000-0x000000007897efff] ACPI NVS
Feb 14 15:05:13 z4s-JasperLake-Platform kernel: [    0.000000] reserve setup_data: [mem 0x000000007897f000-0x0000000078bfefff] ACPI data
Feb 14 15:05:13 z4s-JasperLake-Platform kernel: [    0.000000] reserve setup_data: [mem 0x0000000078bff000-0x0000000078bfffff] usable
Feb 14 15:05:13 z4s-JasperLake-Platform kernel: [    0.000000] reserve setup_data: [mem 0x0000000078c00000-0x000000007fbfffff] reserved
Feb 14 15:05:13 z4s-JasperLake-Platform kernel: [    0.000000] reserve setup_data: [mem 0x00000000fed20000-0x00000000fed7ffff] reserved
Feb 14 15:05:13 z4s-JasperLake-Platform kernel: [    0.000000] reserve setup_data: [mem 0x0000000100000000-0x00000001803fffff] usable
Feb 14 15:05:13 z4s-JasperLake-Platform kernel: [    0.000000] efi: EFI v2.70 by Phoenix Technologies Ltd.
Feb 14 15:05:13 z4s-JasperLake-Platform kernel: [    0.000000] efi: ACPI=0x78bfe000 ACPI 2.0=0x78bfe014 SMBIOS=0x74b78000 SMBIOS 3.0=0x74b6b000 MEMATTR=0x700ad018 ESRT=0x70d29898 MOKvar=0x6fb03000 
Feb 14 15:05:13 z4s-JasperLake-Platform kernel: [    0.000000] secureboot: Secure boot disabled
Feb 14 15:05:13 z4s-JasperLake-Platform kernel: [    0.000000] SMBIOS 3.2.0 present.
Feb 14 15:05:13 z4s-JasperLake-Platform kernel: [    0.000000] DMI: Intel Corporation JasperLake Platform/JasperLake N LPDDR4, BIOS 0.18.3 08/05/2022
Feb 14 15:05:13 z4s-JasperLake-Platform kernel: [    0.000000] tsc: Detected 2000.000 MHz processor
Feb 14 15:05:13 z4s-JasperLake-Platform kernel: [    0.000000] tsc: Detected 1996.800 MHz TSC
Feb 14 15:05:13 z4s-JasperLake-Platform kernel: [    0.000011] e820: update [mem 0x00000000-0x00000fff] usable ==> reserved
Feb 14 15:05:13 z4s-JasperLake-Platform kernel: [    0.000015] e820: remove [mem 0x000a0000-0x000fffff] usable
Feb 14 15:05:13 z4s-JasperLake-Platform kernel: [    0.000022] last_pfn = 0x180400 max_arch_pfn = 0x400000000
Feb 14 15:05:13 z4s-JasperLake-Platform kernel: [    0.000081] x86/PAT: Configuration [0-7]: WB  WC  UC- UC  WB  WP  UC- WT  
Feb 14 15:05:13 z4s-JasperLake-Platform kernel: [    0.000390] last_pfn = 0x78c00 max_arch_pfn = 0x400000000
Feb 14 15:05:13 z4s-JasperLake-Platform kernel: [    0.004290] esrt: Reserving ESRT space from 0x0000000070d29898 to 0x0000000070d29920.
Feb 14 15:05:13 z4s-JasperLake-Platform kernel: [    0.004295] e820: update [mem 0x70d29000-0x70d29fff] usable ==> reserved
Feb 14 15:05:13 z4s-JasperLake-Platform kernel: [    0.004308] e820: update [mem 0x6fb03000-0x6fb03fff] usable ==> reserved
Feb 14 15:05:13 z4s-JasperLake-Platform kernel: [    0.004626] secureboot: Secure boot disabled
Feb 14 15:05:13 z4s-JasperLake-Platform kernel: [    0.004627] RAMDISK: [mem 0x398cd000-0x3d6affff]
Feb 14 15:05:13 z4s-JasperLake-Platform kernel: [    0.004632] ACPI: Early table checksum verification disabled
Feb 14 15:05:13 z4s-JasperLake-Platform kernel: [    0.004637] ACPI: RSDP 0x0000000078BFE014 000024 (v02 BLD   )
Feb 14 15:05:13 z4s-JasperLake-Platform kernel: [    0.004641] ACPI: XSDT 0x0000000078BFC188 0000F4 (v01 BLD    OEMTABLE 00000002 ACPI 00000002)
Feb 14 15:05:13 z4s-JasperLake-Platform kernel: [    0.004648] ACPI: FACP 0x0000000074B5E000 000114 (v06 BLD    OEMTABLE 00000002 ACPI 00000002)
Feb 14 15:05:13 z4s-JasperLake-Platform kernel: [    0.004654] ACPI: DSDT 0x0000000074B16000 0435D9 (v02 BLD    ICL      00000002      01000013)
Feb 14 15:05:13 z4s-JasperLake-Platform kernel: [    0.004658] ACPI: FACS 0x000000007880F000 000040
Feb 14 15:05:13 z4s-JasperLake-Platform kernel: [    0.004661] ACPI: SSDT 0x0000000074BDD000 0025EE (v02 BLD    CpuSsdt  00003000 INTL 20191018)
Feb 14 15:05:13 z4s-JasperLake-Platform kernel: [    0.004665] ACPI: SSDT 0x0000000074B79000 0007E6 (v02 BLD    WmiTable 00001000 INTL 20191018)
Feb 14 15:05:13 z4s-JasperLake-Platform kernel: [    0.004668] ACPI: HPET 0x0000000074B5D000 000038 (v01 BLD    OEMTABLE 00000002 ACPI 00000002)
Feb 14 15:05:13 z4s-JasperLake-Platform kernel: [    0.004672] ACPI: APIC 0x0000000074B5C000 00012C (v04 BLD    OEMTABLE 00000002 ACPI 00000002)
Feb 14 15:05:13 z4s-JasperLake-Platform kernel: [    0.004675] ACPI: MCFG 0x0000000074B5B000 00003C (v01 BLD    OEMTABLE 00000002 ACPI 00000002)
Feb 14 15:05:13 z4s-JasperLake-Platform kernel: [    0.004679] ACPI: PRAM 0x0000000074B5A000 000030 (v01 BLD    OEMTABLE 00000002 ACPI 00000002)
Feb 14 15:05:13 z4s-JasperLake-Platform kernel: [    0.004682] ACPI: SSDT 0x0000000074B15000 000CF1 (v02 BLD    Ther_Rvp 00001000 INTL 20191018)
Feb 14 15:05:13 z4s-JasperLake-Platform kernel: [    0.004685] ACPI: SSDT 0x0000000074B14000 000525 (v02 BLD    xh_jslv2 00000000 INTL 20191018)
Feb 14 15:05:13 z4s-JasperLake-Platform kernel: [    0.004689] ACPI: NHLT 0x0000000074B13000 00002D (v00 BLD    OEMTABLE 00000002 ACPI 00000002)
Feb 14 15:05:13 z4s-JasperLake-Platform kernel: [    0.004692] ACPI: SSDT 0x0000000074B10000 001D29 (v02 BLD    SaSsdt   00003000 INTL 20191018)
Feb 14 15:05:13 z4s-JasperLake-Platform kernel: [    0.004696] ACPI: SSDT 0x0000000074B0C000 0032CD (v02 BLD    IgfxSsdt 00003000 INTL 20191018)
Feb 14 15:05:13 z4s-JasperLake-Platform kernel: [    0.004699] ACPI: LPIT 0x0000000074B0A000 000094 (v01 BLD    OEMTABLE 00000002 ACPI 00000002)
Feb 14 15:05:13 z4s-JasperLake-Platform kernel: [    0.004703] ACPI: WSMT 0x0000000074B09000 000028 (v01 BLD    OEMTABLE 00000002 ACPI 00000002)
Feb 14 15:05:13 z4s-JasperLake-Platform kernel: [    0.004706] ACPI: SSDT 0x0000000074B08000 000B70 (v02 BLD    PtidDevc 00001000 INTL 20191018)
Feb 14 15:05:13 z4s-JasperLake-Platform kernel: [    0.004709] ACPI: SSDT 0x0000000074B07000 000122 (v02 BLD    TbtTypeC 00000000 INTL 20191018)
Feb 14 15:05:13 z4s-JasperLake-Platform kernel: [    0.004713] ACPI: DBGP 0x0000000074B06000 000034 (v01 BLD    OEMTABLE 00000002 ACPI 00000002)
Feb 14 15:05:13 z4s-JasperLake-Platform kernel: [    0.004716] ACPI: DBG2 0x0000000074B05000 000054 (v00 BLD    OEMTABLE 00000002 ACPI 00000002)
Feb 14 15:05:13 z4s-JasperLake-Platform kernel: [    0.004720] ACPI: POAT 0x0000000074B04000 000055 (v03 BLD    OEMTABLE 00000000 ACPI 00000002)
Feb 14 15:05:13 z4s-JasperLake-Platform kernel: [    0.004723] ACPI: SSDT 0x0000000074AE0000 0007F2 (v02 BLD    UsbCTabl 00001000 INTL 20191018)
Feb 14 15:05:13 z4s-JasperLake-Platform kernel: [    0.004726] ACPI: BATB 0x0000000074ADF000 00004A (v02 BLD    OEMTABLE 00000000 ACPI 00000002)
Feb 14 15:05:13 z4s-JasperLake-Platform kernel: [    0.004730] ACPI: DMAR 0x00000000731DD000 000088 (v02 BLD    OEMTABLE 00000002 ACPI 00000002)
Feb 14 15:05:13 z4s-JasperLake-Platform kernel: [    0.004734] ACPI: SSDT 0x00000000731DB000 000144 (v02 BLD    ADebTabl 00001000 INTL 20191018)
Feb 14 15:05:13 z4s-JasperLake-Platform kernel: [    0.004737] ACPI: BGRT 0x00000000731DA000 000038 (v01 BLD    OEMTABLE 00000002 ACPI 00000002)
Feb 14 15:05:13 z4s-JasperLake-Platform kernel: [    0.004740] ACPI: UEFI 0x0000000077F6A000 000076 (v01 BLD    OEMTABLE 00000001 ACPI 00000002)
Feb 14 15:05:13 z4s-JasperLake-Platform kernel: [    0.004744] ACPI: FPDT 0x00000000731D9000 000044 (v01 BLD    OEMTABLE 00000002 ACPI 00000002)
Feb 14 15:05:13 z4s-JasperLake-Platform kernel: [    0.004747] ACPI: Reserving FACP table memory at [mem 0x74b5e000-0x74b5e113]
Feb 14 15:05:13 z4s-JasperLake-Platform kernel: [    0.004748] ACPI: Reserving DSDT table memory at [mem 0x74b16000-0x74b595d8]
Feb 14 15:05:13 z4s-JasperLake-Platform kernel: [    0.004750] ACPI: Reserving FACS table memory at [mem 0x7880f000-0x7880f03f]
Feb 14 15:05:13 z4s-JasperLake-Platform kernel: [    0.004751] ACPI: Reserving SSDT table memory at [mem 0x74bdd000-0x74bdf5ed]
Feb 14 15:05:13 z4s-JasperLake-Platform kernel: [    0.004752] ACPI: Reserving SSDT table memory at [mem 0x74b79000-0x74b797e5]
Feb 14 15:05:13 z4s-JasperLake-Platform kernel: [    0.004753] ACPI: Reserving HPET table memory at [mem 0x74b5d000-0x74b5d037]
Feb 14 15:05:13 z4s-JasperLake-Platform kernel: [    0.004754] ACPI: Reserving APIC table memory at [mem 0x74b5c000-0x74b5c12b]
Feb 14 15:05:13 z4s-JasperLake-Platform kernel: [    0.004755] ACPI: Reserving MCFG table memory at [mem 0x74b5b000-0x74b5b03b]
Feb 14 15:05:13 z4s-JasperLake-Platform kernel: [    0.004756] ACPI: Reserving PRAM table memory at [mem 0x74b5a000-0x74b5a02f]
Feb 14 15:05:13 z4s-JasperLake-Platform kernel: [    0.004757] ACPI: Reserving SSDT table memory at [mem 0x74b15000-0x74b15cf0]
Feb 14 15:05:13 z4s-JasperLake-Platform kernel: [    0.004758] ACPI: Reserving SSDT table memory at [mem 0x74b14000-0x74b14524]
Feb 14 15:05:13 z4s-JasperLake-Platform kernel: [    0.004759] ACPI: Reserving NHLT table memory at [mem 0x74b13000-0x74b1302c]
Feb 14 15:05:13 z4s-JasperLake-Platform kernel: [    0.004760] ACPI: Reserving SSDT table memory at [mem 0x74b10000-0x74b11d28]
Feb 14 15:05:13 z4s-JasperLake-Platform kernel: [    0.004761] ACPI: Reserving SSDT table memory at [mem 0x74b0c000-0x74b0f2cc]
Feb 14 15:05:13 z4s-JasperLake-Platform kernel: [    0.004762] ACPI: Reserving LPIT table memory at [mem 0x74b0a000-0x74b0a093]
Feb 14 15:05:13 z4s-JasperLake-Platform kernel: [    0.004763] ACPI: Reserving WSMT table memory at [mem 0x74b09000-0x74b09027]
Feb 14 15:05:13 z4s-JasperLake-Platform kernel: [    0.004765] ACPI: Reserving SSDT table memory at [mem 0x74b08000-0x74b08b6f]
Feb 14 15:05:13 z4s-JasperLake-Platform kernel: [    0.004766] ACPI: Reserving SSDT table memory at [mem 0x74b07000-0x74b07121]
Feb 14 15:05:13 z4s-JasperLake-Platform kernel: [    0.004767] ACPI: Reserving DBGP table memory at [mem 0x74b06000-0x74b06033]
Feb 14 15:05:13 z4s-JasperLake-Platform kernel: [    0.004768] ACPI: Reserving DBG2 table memory at [mem 0x74b05000-0x74b05053]
Feb 14 15:05:13 z4s-JasperLake-Platform kernel: [    0.004769] ACPI: Reserving POAT table memory at [mem 0x74b04000-0x74b04054]
Feb 14 15:05:13 z4s-JasperLake-Platform kernel: [    0.004770] ACPI: Reserving SSDT table memory at [mem 0x74ae0000-0x74ae07f1]
Feb 14 15:05:13 z4s-JasperLake-Platform kernel: [    0.004771] ACPI: Reserving BATB table memory at [mem 0x74adf000-0x74adf049]
Feb 14 15:05:13 z4s-JasperLake-Platform kernel: [    0.004772] ACPI: Reserving DMAR table memory at [mem 0x731dd000-0x731dd087]
Feb 14 15:05:13 z4s-JasperLake-Platform kernel: [    0.004773] ACPI: Reserving SSDT table memory at [mem 0x731db000-0x731db143]
Feb 14 15:05:13 z4s-JasperLake-Platform kernel: [    0.004774] ACPI: Reserving BGRT table memory at [mem 0x731da000-0x731da037]
Feb 14 15:05:13 z4s-JasperLake-Platform kernel: [    0.004775] ACPI: Reserving UEFI table memory at [mem 0x77f6a000-0x77f6a075]
Feb 14 15:05:13 z4s-JasperLake-Platform kernel: [    0.004776] ACPI: Reserving FPDT table memory at [mem 0x731d9000-0x731d9043]
Feb 14 15:05:13 z4s-JasperLake-Platform kernel: [    0.005012] No NUMA configuration found
Feb 14 15:05:13 z4s-JasperLake-Platform kernel: [    0.005014] Faking a node at [mem 0x0000000000000000-0x00000001803fffff]
Feb 14 15:05:13 z4s-JasperLake-Platform kernel: [    0.005023] NODE_DATA(0) allocated [mem 0x1803d5000-0x1803fefff]
Feb 14 15:05:13 z4s-JasperLake-Platform kernel: [    0.005291] Zone ranges:
Feb 14 15:05:13 z4s-JasperLake-Platform kernel: [    0.005292]   DMA      [mem 0x0000000000001000-0x0000000000ffffff]
Feb 14 15:05:13 z4s-JasperLake-Platform kernel: [    0.005294]   DMA32    [mem 0x0000000001000000-0x00000000ffffffff]
Feb 14 15:05:13 z4s-JasperLake-Platform kernel: [    0.005296]   Normal   [mem 0x0000000100000000-0x00000001803fffff]
Feb 14 15:05:13 z4s-JasperLake-Platform kernel: [    0.005298]   Device   empty
Feb 14 15:05:13 z4s-JasperLake-Platform kernel: [    0.005299] Movable zone start for each node
Feb 14 15:05:13 z4s-JasperLake-Platform kernel: [    0.005303] Early memory node ranges
Feb 14 15:05:13 z4s-JasperLake-Platform kernel: [    0.005303]   node   0: [mem 0x0000000000001000-0x000000000009efff]
Feb 14 15:05:13 z4s-JasperLake-Platform kernel: [    0.005305]   node   0: [mem 0x0000000000100000-0x0000000072a16fff]
Feb 14 15:05:13 z4s-JasperLake-Platform kernel: [    0.005306]   node   0: [mem 0x0000000078bff000-0x0000000078bfffff]
Feb 14 15:05:13 z4s-JasperLake-Platform kernel: [    0.005307]   node   0: [mem 0x0000000100000000-0x00000001803fffff]
Feb 14 15:05:13 z4s-JasperLake-Platform kernel: [    0.005309] Initmem setup node 0 [mem 0x0000000000001000-0x00000001803fffff]
Feb 14 15:05:13 z4s-JasperLake-Platform kernel: [    0.005314] On node 0, zone DMA: 1 pages in unavailable ranges
Feb 14 15:05:13 z4s-JasperLake-Platform kernel: [    0.005340] On node 0, zone DMA: 97 pages in unavailable ranges
Feb 14 15:05:13 z4s-JasperLake-Platform kernel: [    0.010390] On node 0, zone DMA32: 25064 pages in unavailable ranges
Feb 14 15:05:13 z4s-JasperLake-Platform kernel: [    0.016259] On node 0, zone Normal: 29696 pages in unavailable ranges
Feb 14 15:05:13 z4s-JasperLake-Platform kernel: [    0.016604] On node 0, zone Normal: 31744 pages in unavailable ranges
Feb 14 15:05:13 z4s-JasperLake-Platform kernel: [    0.016626] Reserving Intel graphics memory at [mem 0x7c000000-0x7fbfffff]
Feb 14 15:05:13 z4s-JasperLake-Platform kernel: [    0.016805] ACPI: PM-Timer IO Port: 0x1808
Feb 14 15:05:13 z4s-JasperLake-Platform kernel: [    0.016815] ACPI: LAPIC_NMI (acpi_id[0x01] high edge lint[0x1])
Feb 14 15:05:13 z4s-JasperLake-Platform kernel: [    0.016817] ACPI: LAPIC_NMI (acpi_id[0x02] high edge lint[0x1])
Feb 14 15:05:13 z4s-JasperLake-Platform kernel: [    0.016818] ACPI: LAPIC_NMI (acpi_id[0x03] high edge lint[0x1])
Feb 14 15:05:13 z4s-JasperLake-Platform kernel: [    0.016819] ACPI: LAPIC_NMI (acpi_id[0x04] high edge lint[0x1])
Feb 14 15:05:13 z4s-JasperLake-Platform kernel: [    0.016820] ACPI: LAPIC_NMI (acpi_id[0x05] high edge lint[0x1])
Feb 14 15:05:13 z4s-JasperLake-Platform kernel: [    0.016821] ACPI: LAPIC_NMI (acpi_id[0x06] high edge lint[0x1])
Feb 14 15:05:13 z4s-JasperLake-Platform kernel: [    0.016822] ACPI: LAPIC_NMI (acpi_id[0x07] high edge lint[0x1])
Feb 14 15:05:13 z4s-JasperLake-Platform kernel: [    0.016823] ACPI: LAPIC_NMI (acpi_id[0x08] high edge lint[0x1])
Feb 14 15:05:13 z4s-JasperLake-Platform kernel: [    0.016823] ACPI: LAPIC_NMI (acpi_id[0x09] high edge lint[0x1])
Feb 14 15:05:13 z4s-JasperLake-Platform kernel: [    0.016824] ACPI: LAPIC_NMI (acpi_id[0x0a] high edge lint[0x1])
Feb 14 15:05:13 z4s-JasperLake-Platform kernel: [    0.016825] ACPI: LAPIC_NMI (acpi_id[0x0b] high edge lint[0x1])
Feb 14 15:05:13 z4s-JasperLake-Platform kernel: [    0.016826] ACPI: LAPIC_NMI (acpi_id[0x0c] high edge lint[0x1])
Feb 14 15:05:13 z4s-JasperLake-Platform kernel: [    0.016827] ACPI: LAPIC_NMI (acpi_id[0x0d] high edge lint[0x1])
Feb 14 15:05:13 z4s-JasperLake-Platform kernel: [    0.016828] ACPI: LAPIC_NMI (acpi_id[0x0e] high edge lint[0x1])
Feb 14 15:05:13 z4s-JasperLake-Platform kernel: [    0.016829] ACPI: LAPIC_NMI (acpi_id[0x0f] high edge lint[0x1])
Feb 14 15:05:13 z4s-JasperLake-Platform kernel: [    0.016829] ACPI: LAPIC_NMI (acpi_id[0x10] high edge lint[0x1])
Feb 14 15:05:13 z4s-JasperLake-Platform kernel: [    0.016864] IOAPIC[0]: apic_id 2, version 32, address 0xfec00000, GSI 0-119
Feb 14 15:05:13 z4s-JasperLake-Platform kernel: [    0.016870] ACPI: INT_SRC_OVR (bus 0 bus_irq 0 global_irq 2 dfl dfl)
Feb 14 15:05:13 z4s-JasperLake-Platform kernel: [    0.016872] ACPI: INT_SRC_OVR (bus 0 bus_irq 9 global_irq 9 high level)
Feb 14 15:05:13 z4s-JasperLake-Platform kernel: [    0.016876] ACPI: Using ACPI (MADT) for SMP configuration information
Feb 14 15:05:13 z4s-JasperLake-Platform kernel: [    0.016878] ACPI: HPET id: 0x8086a201 base: 0xfed00000
Feb 14 15:05:13 z4s-JasperLake-Platform kernel: [    0.016888] e820: update [mem 0x6f01d000-0x6f25dfff] usable ==> reserved
Feb 14 15:05:13 z4s-JasperLake-Platform kernel: [    0.016901] TSC deadline timer available
Feb 14 15:05:13 z4s-JasperLake-Platform kernel: [    0.016902] smpboot: Allowing 4 CPUs, 0 hotplug CPUs
Feb 14 15:05:13 z4s-JasperLake-Platform kernel: [    0.016920] PM: hibernation: Registered nosave memory: [mem 0x00000000-0x00000fff]
Feb 14 15:05:13 z4s-JasperLake-Platform kernel: [    0.016922] PM: hibernation: Registered nosave memory: [mem 0x0009f000-0x000fffff]
Feb 14 15:05:13 z4s-JasperLake-Platform kernel: [    0.016924] PM: hibernation: Registered nosave memory: [mem 0x6d44a000-0x6d44afff]
Feb 14 15:05:13 z4s-JasperLake-Platform kernel: [    0.016926] PM: hibernation: Registered nosave memory: [mem 0x6d46a000-0x6d46afff]
Feb 14 15:05:13 z4s-JasperLake-Platform kernel: [    0.016927] PM: hibernation: Registered nosave memory: [mem 0x6d46b000-0x6d46bfff]
Feb 14 15:05:13 z4s-JasperLake-Platform kernel: [    0.016929] PM: hibernation: Registered nosave memory: [mem 0x6d48b000-0x6d48bfff]
Feb 14 15:05:13 z4s-JasperLake-Platform kernel: [    0.016931] PM: hibernation: Registered nosave memory: [mem 0x6f01d000-0x6f25dfff]
Feb 14 15:05:13 z4s-JasperLake-Platform kernel: [    0.016932] PM: hibernation: Registered nosave memory: [mem 0x6fb03000-0x6fb03fff]
Feb 14 15:05:13 z4s-JasperLake-Platform kernel: [    0.016934] PM: hibernation: Registered nosave memory: [mem 0x70d29000-0x70d29fff]
Feb 14 15:05:13 z4s-JasperLake-Platform kernel: [    0.016936] PM: hibernation: Registered nosave memory: [mem 0x72a17000-0x77cc5fff]
Feb 14 15:05:13 z4s-JasperLake-Platform kernel: [    0.016937] PM: hibernation: Registered nosave memory: [mem 0x77cc6000-0x7897efff]
Feb 14 15:05:13 z4s-JasperLake-Platform kernel: [    0.016937] PM: hibernation: Registered nosave memory: [mem 0x7897f000-0x78bfefff]
Feb 14 15:05:13 z4s-JasperLake-Platform kernel: [    0.016939] PM: hibernation: Registered nosave memory: [mem 0x78c00000-0x7fbfffff]
Feb 14 15:05:13 z4s-JasperLake-Platform kernel: [    0.016940] PM: hibernation: Registered nosave memory: [mem 0x7fc00000-0xfed1ffff]
Feb 14 15:05:13 z4s-JasperLake-Platform kernel: [    0.016941] PM: hibernation: Registered nosave memory: [mem 0xfed20000-0xfed7ffff]
Feb 14 15:05:13 z4s-JasperLake-Platform kernel: [    0.016942] PM: hibernation: Registered nosave memory: [mem 0xfed80000-0xffffffff]
Feb 14 15:05:13 z4s-JasperLake-Platform kernel: [    0.016943] [mem 0x7fc00000-0xfed1ffff] available for PCI devices
Feb 14 15:05:13 z4s-JasperLake-Platform kernel: [    0.016945] Booting paravirtualized kernel on bare hardware
Feb 14 15:05:13 z4s-JasperLake-Platform kernel: [    0.016948] clocksource: refined-jiffies: mask: 0xffffffff max_cycles: 0xffffffff, max_idle_ns: 7645519600211568 ns
Feb 14 15:05:13 z4s-JasperLake-Platform kernel: [    0.016957] setup_percpu: NR_CPUS:8192 nr_cpumask_bits:4 nr_cpu_ids:4 nr_node_ids:1
Feb 14 15:05:13 z4s-JasperLake-Platform kernel: [    0.017383] percpu: Embedded 60 pages/cpu s208896 r8192 d28672 u524288
Feb 14 15:05:13 z4s-JasperLake-Platform kernel: [    0.017391] pcpu-alloc: s208896 r8192 d28672 u524288 alloc=1*2097152
Feb 14 15:05:13 z4s-JasperLake-Platform kernel: [    0.017394] pcpu-alloc: [0] 0 1 2 3 
Feb 14 15:05:13 z4s-JasperLake-Platform kernel: [    0.017428] Built 1 zonelists, mobility grouping on.  Total pages: 979039
Feb 14 15:05:13 z4s-JasperLake-Platform kernel: [    0.017431] Policy zone: Normal
Feb 14 15:05:13 z4s-JasperLake-Platform kernel: [    0.017432] Kernel command line: BOOT_IMAGE=/boot/vmlinuz-5.15.0-60-generic root=UUID=77e2289a-c207-4821-9228-11a454212452 ro quiet splash vt.handoff=7
Feb 14 15:05:13 z4s-JasperLake-Platform kernel: [    0.017508] Unknown kernel command line parameters "splash BOOT_IMAGE=/boot/vmlinuz-5.15.0-60-generic", will be passed to user space.
Feb 14 15:05:13 z4s-JasperLake-Platform kernel: [    0.018170] Dentry cache hash table entries: 524288 (order: 10, 4194304 bytes, linear)
Feb 14 15:05:13 z4s-JasperLake-Platform kernel: [    0.018533] Inode-cache hash table entries: 262144 (order: 9, 2097152 bytes, linear)
Feb 14 15:05:13 z4s-JasperLake-Platform kernel: [    0.018574] mem auto-init: stack:off, heap alloc:on, heap free:off
Feb 14 15:05:13 z4s-JasperLake-Platform kernel: [    0.054113] Memory: 3679520K/3978968K available (16393K kernel code, 4374K rwdata, 10792K rodata, 3236K init, 6572K bss, 299188K reserved, 0K cma-reserved)
Feb 14 15:05:13 z4s-JasperLake-Platform kernel: [    0.054940] SLUB: HWalign=64, Order=0-3, MinObjects=0, CPUs=4, Nodes=1
Feb 14 15:05:13 z4s-JasperLake-Platform kernel: [    0.054973] ftrace: allocating 50047 entries in 196 pages
Feb 14 15:05:13 z4s-JasperLake-Platform kernel: [    0.077293] ftrace: allocated 196 pages with 3 groups
Feb 14 15:05:13 z4s-JasperLake-Platform kernel: [    0.077479] rcu: Hierarchical RCU implementation.
Feb 14 15:05:13 z4s-JasperLake-Platform kernel: [    0.077480] rcu: 	RCU restricting CPUs from NR_CPUS=8192 to nr_cpu_ids=4.
Feb 14 15:05:13 z4s-JasperLake-Platform kernel: [    0.077482] 	Rude variant of Tasks RCU enabled.
Feb 14 15:05:13 z4s-JasperLake-Platform kernel: [    0.077482] 	Tracing variant of Tasks RCU enabled.
Feb 14 15:05:13 z4s-JasperLake-Platform kernel: [    0.077483] rcu: RCU calculated value of scheduler-enlistment delay is 25 jiffies.
Feb 14 15:05:13 z4s-JasperLake-Platform kernel: [    0.077484] rcu: Adjusting geometry for rcu_fanout_leaf=16, nr_cpu_ids=4
Feb 14 15:05:13 z4s-JasperLake-Platform kernel: [    0.082208] NR_IRQS: 524544, nr_irqs: 1024, preallocated irqs: 16
Feb 14 15:05:13 z4s-JasperLake-Platform kernel: [    0.082576] random: crng init done
Feb 14 15:05:13 z4s-JasperLake-Platform kernel: [    0.082606] Console: colour dummy device 80x25
Feb 14 15:05:13 z4s-JasperLake-Platform kernel: [    0.082641] printk: console [tty0] enabled
Feb 14 15:05:13 z4s-JasperLake-Platform kernel: [    0.082661] ACPI: Core revision 20210730
Feb 14 15:05:13 z4s-JasperLake-Platform kernel: [    0.082986] hpet: HPET dysfunctional in PC10. Force disabled.
Feb 14 15:05:13 z4s-JasperLake-Platform kernel: [    0.082988] APIC: Switch to symmetric I/O mode setup
Feb 14 15:05:13 z4s-JasperLake-Platform kernel: [    0.082990] DMAR: Host address width 39
Feb 14 15:05:13 z4s-JasperLake-Platform kernel: [    0.082991] DMAR: DRHD base: 0x000000fed90000 flags: 0x0
Feb 14 15:05:13 z4s-JasperLake-Platform kernel: [    0.082997] DMAR: dmar0: reg_base_addr fed90000 ver 4:0 cap 1c0000c40660462 ecap 49e2ff0505e
Feb 14 15:05:13 z4s-JasperLake-Platform kernel: [    0.083000] DMAR: DRHD base: 0x000000fed91000 flags: 0x1
Feb 14 15:05:13 z4s-JasperLake-Platform kernel: [    0.083005] DMAR: dmar1: reg_base_addr fed91000 ver 1:0 cap d2008c40660462 ecap f050da
Feb 14 15:05:13 z4s-JasperLake-Platform kernel: [    0.083007] DMAR: RMRR base: 0x0000007b800000 end: 0x0000007fbfffff
Feb 14 15:05:13 z4s-JasperLake-Platform kernel: [    0.083010] DMAR-IR: IOAPIC id 2 under DRHD base  0xfed91000 IOMMU 1
Feb 14 15:05:13 z4s-JasperLake-Platform kernel: [    0.083012] DMAR-IR: HPET id 0 under DRHD base 0xfed91000
Feb 14 15:05:13 z4s-JasperLake-Platform kernel: [    0.083013] DMAR-IR: Queued invalidation will be enabled to support x2apic and Intr-remapping.
Feb 14 15:05:13 z4s-JasperLake-Platform kernel: [    0.084926] DMAR-IR: Enabled IRQ remapping in x2apic mode
Feb 14 15:05:13 z4s-JasperLake-Platform kernel: [    0.084928] x2apic enabled
Feb 14 15:05:13 z4s-JasperLake-Platform kernel: [    0.084953] Switched APIC routing to cluster x2apic.
Feb 14 15:05:13 z4s-JasperLake-Platform kernel: [    0.089349] clocksource: tsc-early: mask: 0xffffffffffffffff max_cycles: 0x3990bec8342, max_idle_ns: 881590769617 ns
Feb 14 15:05:13 z4s-JasperLake-Platform kernel: [    0.089360] Calibrating delay loop (skipped), value calculated using timer frequency.. 3993.60 BogoMIPS (lpj=7987200)
Feb 14 15:05:13 z4s-JasperLake-Platform kernel: [    0.089363] pid_max: default: 32768 minimum: 301
Feb 14 15:05:13 z4s-JasperLake-Platform kernel: [    0.091192] LSM: Security Framework initializing
Feb 14 15:05:13 z4s-JasperLake-Platform kernel: [    0.091204] landlock: Up and running.
Feb 14 15:05:13 z4s-JasperLake-Platform kernel: [    0.091205] Yama: becoming mindful.
Feb 14 15:05:13 z4s-JasperLake-Platform kernel: [    0.091234] AppArmor: AppArmor initialized
Feb 14 15:05:13 z4s-JasperLake-Platform kernel: [    0.091281] Mount-cache hash table entries: 8192 (order: 4, 65536 bytes, linear)
Feb 14 15:05:13 z4s-JasperLake-Platform kernel: [    0.091293] Mountpoint-cache hash table entries: 8192 (order: 4, 65536 bytes, linear)
Feb 14 15:05:13 z4s-JasperLake-Platform kernel: [    0.091580] CPU0: Thermal monitoring enabled (TM1)
Feb 14 15:05:13 z4s-JasperLake-Platform kernel: [    0.091583] x86/cpu: User Mode Instruction Prevention (UMIP) activated
Feb 14 15:05:13 z4s-JasperLake-Platform kernel: [    0.091634] process: using mwait in idle threads
Feb 14 15:05:13 z4s-JasperLake-Platform kernel: [    0.091636] Last level iTLB entries: 4KB 0, 2MB 0, 4MB 0
Feb 14 15:05:13 z4s-JasperLake-Platform kernel: [    0.091638] Last level dTLB entries: 4KB 0, 2MB 0, 4MB 0, 1GB 0
Feb 14 15:05:13 z4s-JasperLake-Platform kernel: [    0.091642] Spectre V1 : Mitigation: usercopy/swapgs barriers and __user pointer sanitization
Feb 14 15:05:13 z4s-JasperLake-Platform kernel: [    0.091644] Spectre V2 : Mitigation: Enhanced IBRS
Feb 14 15:05:13 z4s-JasperLake-Platform kernel: [    0.091645] Spectre V2 : Spectre v2 / SpectreRSB mitigation: Filling RSB on context switch
Feb 14 15:05:13 z4s-JasperLake-Platform kernel: [    0.091647] Spectre V2 : mitigation: Enabling conditional Indirect Branch Prediction Barrier
Feb 14 15:05:13 z4s-JasperLake-Platform kernel: [    0.091648] Speculative Store Bypass: Mitigation: Speculative Store Bypass disabled via prctl and seccomp
Feb 14 15:05:13 z4s-JasperLake-Platform kernel: [    0.091653] MMIO Stale Data: Vulnerable: Clear CPU buffers attempted, no microcode
Feb 14 15:05:13 z4s-JasperLake-Platform kernel: [    0.091654] SRBDS: Vulnerable: No microcode
Feb 14 15:05:13 z4s-JasperLake-Platform kernel: [    0.093354] Freeing SMP alternatives memory: 40K
Feb 14 15:05:13 z4s-JasperLake-Platform kernel: [    0.093354] smpboot: Estimated ratio of average max frequency by base frequency (times 1024): 1433
Feb 14 15:05:13 z4s-JasperLake-Platform kernel: [    0.093354] smpboot: CPU0: Intel(R) Celeron(R) N5105 @ 2.00GHz (family: 0x6, model: 0x9c, stepping: 0x0)
Feb 14 15:05:13 z4s-JasperLake-Platform kernel: [    0.093354] Performance Events: PEBS fmt4+-baseline, PEBS-via-PT,  AnyThread deprecated, Tremont events, 32-deep LBR, full-width counters, Intel PMU driver.
Feb 14 15:05:13 z4s-JasperLake-Platform kernel: [    0.093354] ... version:                5
Feb 14 15:05:13 z4s-JasperLake-Platform kernel: [    0.093354] ... bit width:              48
Feb 14 15:05:13 z4s-JasperLake-Platform kernel: [    0.093354] ... generic registers:      4
Feb 14 15:05:13 z4s-JasperLake-Platform kernel: [    0.093354] ... value mask:             0000ffffffffffff
Feb 14 15:05:13 z4s-JasperLake-Platform kernel: [    0.093354] ... max period:             00007fffffffffff
Feb 14 15:05:13 z4s-JasperLake-Platform kernel: [    0.093354] ... fixed-purpose events:   3
Feb 14 15:05:13 z4s-JasperLake-Platform kernel: [    0.093354] ... event mask:             000000070000000f
Feb 14 15:05:13 z4s-JasperLake-Platform kernel: [    0.093354] rcu: Hierarchical SRCU implementation.
Feb 14 15:05:13 z4s-JasperLake-Platform kernel: [    0.093354] NMI watchdog: Enabled. Permanently consumes one hw-PMU counter.
Feb 14 15:05:13 z4s-JasperLake-Platform kernel: [    0.093354] smp: Bringing up secondary CPUs ...
Feb 14 15:05:13 z4s-JasperLake-Platform kernel: [    0.093354] x86: Booting SMP configuration:
Feb 14 15:05:13 z4s-JasperLake-Platform kernel: [    0.093354] .... node  #0, CPUs:      #1 #2 #3
Feb 14 15:05:13 z4s-JasperLake-Platform kernel: [    0.094912] smp: Brought up 1 node, 4 CPUs
Feb 14 15:05:13 z4s-JasperLake-Platform kernel: [    0.094912] smpboot: Max logical packages: 1
Feb 14 15:05:13 z4s-JasperLake-Platform kernel: [    0.094912] smpboot: Total of 4 processors activated (15974.40 BogoMIPS)
Feb 14 15:05:13 z4s-JasperLake-Platform kernel: [    0.094912] devtmpfs: initialized
Feb 14 15:05:13 z4s-JasperLake-Platform kernel: [    0.094912] x86/mm: Memory block size: 128MB
Feb 14 15:05:13 z4s-JasperLake-Platform kernel: [    0.094912] ACPI: PM: Registering ACPI NVS region [mem 0x77cc6000-0x7897efff] (13340672 bytes)
Feb 14 15:05:13 z4s-JasperLake-Platform kernel: [    0.094912] clocksource: jiffies: mask: 0xffffffff max_cycles: 0xffffffff, max_idle_ns: 7645041785100000 ns
Feb 14 15:05:13 z4s-JasperLake-Platform kernel: [    0.094912] futex hash table entries: 1024 (order: 4, 65536 bytes, linear)
Feb 14 15:05:13 z4s-JasperLake-Platform kernel: [    0.094912] pinctrl core: initialized pinctrl subsystem
Feb 14 15:05:13 z4s-JasperLake-Platform kernel: [    0.094912] PM: RTC time: 07:05:05, date: 2023-02-14
Feb 14 15:05:13 z4s-JasperLake-Platform kernel: [    0.094912] NET: Registered PF_NETLINK/PF_ROUTE protocol family
Feb 14 15:05:13 z4s-JasperLake-Platform kernel: [    0.094912] DMA: preallocated 512 KiB GFP_KERNEL pool for atomic allocations
Feb 14 15:05:13 z4s-JasperLake-Platform kernel: [    0.094912] DMA: preallocated 512 KiB GFP_KERNEL|GFP_DMA pool for atomic allocations
Feb 14 15:05:13 z4s-JasperLake-Platform kernel: [    0.094912] DMA: preallocated 512 KiB GFP_KERNEL|GFP_DMA32 pool for atomic allocations
Feb 14 15:05:13 z4s-JasperLake-Platform kernel: [    0.094912] audit: initializing netlink subsys (disabled)
Feb 14 15:05:13 z4s-JasperLake-Platform kernel: [    0.094912] audit: type=2000 audit(1676358305.004:1): state=initialized audit_enabled=0 res=1
Feb 14 15:05:13 z4s-JasperLake-Platform kernel: [    0.097430] thermal_sys: Registered thermal governor 'fair_share'
Feb 14 15:05:13 z4s-JasperLake-Platform kernel: [    0.097432] thermal_sys: Registered thermal governor 'bang_bang'
Feb 14 15:05:13 z4s-JasperLake-Platform kernel: [    0.097433] thermal_sys: Registered thermal governor 'step_wise'
Feb 14 15:05:13 z4s-JasperLake-Platform kernel: [    0.097434] thermal_sys: Registered thermal governor 'user_space'
Feb 14 15:05:13 z4s-JasperLake-Platform kernel: [    0.097434] thermal_sys: Registered thermal governor 'power_allocator'
Feb 14 15:05:13 z4s-JasperLake-Platform kernel: [    0.097440] EISA bus registered
Feb 14 15:05:13 z4s-JasperLake-Platform kernel: [    0.097451] cpuidle: using governor ladder
Feb 14 15:05:13 z4s-JasperLake-Platform kernel: [    0.097454] cpuidle: using governor menu
Feb 14 15:05:13 z4s-JasperLake-Platform kernel: [    0.097482] ACPI FADT declares the system doesn't support PCIe ASPM, so disable it
Feb 14 15:05:13 z4s-JasperLake-Platform kernel: [    0.097482] ACPI: bus type PCI registered
Feb 14 15:05:13 z4s-JasperLake-Platform kernel: [    0.097482] acpiphp: ACPI Hot Plug PCI Controller Driver version: 0.5
Feb 14 15:05:13 z4s-JasperLake-Platform kernel: [    0.097482] PCI: MMCONFIG for domain 0000 [bus 00-ff] at [mem 0xc0000000-0xcfffffff] (base 0xc0000000)
Feb 14 15:05:13 z4s-JasperLake-Platform kernel: [    0.097484] PCI: not using MMCONFIG
Feb 14 15:05:13 z4s-JasperLake-Platform kernel: [    0.097488] PCI: Using configuration type 1 for base access
Feb 14 15:05:13 z4s-JasperLake-Platform kernel: [    0.097706] ENERGY_PERF_BIAS: Set to 'normal', was 'performance'
Feb 14 15:05:13 z4s-JasperLake-Platform kernel: [    0.098646] Kprobes globally optimized
Feb 14 15:05:13 z4s-JasperLake-Platform kernel: [    0.098650] HugeTLB registered 2.00 MiB page size, pre-allocated 0 pages
Feb 14 15:05:13 z4s-JasperLake-Platform kernel: [    0.098650] ACPI: Added _OSI(Module Device)
Feb 14 15:05:13 z4s-JasperLake-Platform kernel: [    0.098650] ACPI: Added _OSI(Processor Device)
Feb 14 15:05:13 z4s-JasperLake-Platform kernel: [    0.098650] ACPI: Added _OSI(3.0 _SCP Extensions)
Feb 14 15:05:13 z4s-JasperLake-Platform kernel: [    0.098650] ACPI: Added _OSI(Processor Aggregator Device)
Feb 14 15:05:13 z4s-JasperLake-Platform kernel: [    0.098650] ACPI: Added _OSI(Linux-Dell-Video)
Feb 14 15:05:13 z4s-JasperLake-Platform kernel: [    0.098650] ACPI: Added _OSI(Linux-Lenovo-NV-HDMI-Audio)
Feb 14 15:05:13 z4s-JasperLake-Platform kernel: [    0.098650] ACPI: Added _OSI(Linux-HPI-Hybrid-Graphics)
Feb 14 15:05:13 z4s-JasperLake-Platform kernel: [    0.168979] ACPI: 11 ACPI AML tables successfully acquired and loaded
Feb 14 15:05:13 z4s-JasperLake-Platform kernel: [    0.177837] ACPI: Dynamic OEM Table Load:
Feb 14 15:05:13 z4s-JasperLake-Platform kernel: [    0.177848] ACPI: SSDT 0xFFFF8AE2001EE400 0001B8 (v02 PmRef  Cpu0Psd  00003000 INTL 20191018)
Feb 14 15:05:13 z4s-JasperLake-Platform kernel: [    0.178946] ACPI: \_SB_.PR00: _OSC native thermal LVT Acked
Feb 14 15:05:13 z4s-JasperLake-Platform kernel: [    0.183684] ACPI: Dynamic OEM Table Load:
Feb 14 15:05:13 z4s-JasperLake-Platform kernel: [    0.183692] ACPI: SSDT 0xFFFF8AE2002B0800 000394 (v02 PmRef  Cpu0Cst  00003001 INTL 20191018)
Feb 14 15:05:13 z4s-JasperLake-Platform kernel: [    0.184943] ACPI: Dynamic OEM Table Load:
Feb 14 15:05:13 z4s-JasperLake-Platform kernel: [    0.184950] ACPI: SSDT 0xFFFF8AE201289000 000479 (v02 PmRef  Cpu0Ist  00003000 INTL 20191018)
Feb 14 15:05:13 z4s-JasperLake-Platform kernel: [    0.186679] ACPI: Dynamic OEM Table Load:
Feb 14 15:05:13 z4s-JasperLake-Platform kernel: [    0.186687] ACPI: SSDT 0xFFFF8AE200073000 0008E7 (v02 PmRef  ApIst    00003000 INTL 20191018)
Feb 14 15:05:13 z4s-JasperLake-Platform kernel: [    0.188175] ACPI: Dynamic OEM Table Load:
Feb 14 15:05:13 z4s-JasperLake-Platform kernel: [    0.188189] ACPI: SSDT 0xFFFF8AE20128C800 00048A (v02 PmRef  ApHwp    00003000 INTL 20191018)
Feb 14 15:05:13 z4s-JasperLake-Platform kernel: [    0.189528] ACPI: Dynamic OEM Table Load:
Feb 14 15:05:13 z4s-JasperLake-Platform kernel: [    0.189538] ACPI: SSDT 0xFFFF8AE20128E000 0004D2 (v02 PmRef  ApPsd    00003000 INTL 20191018)
Feb 14 15:05:13 z4s-JasperLake-Platform kernel: [    0.190876] ACPI: Dynamic OEM Table Load:
Feb 14 15:05:13 z4s-JasperLake-Platform kernel: [    0.190889] ACPI: SSDT 0xFFFF8AE20128B800 00048A (v02 PmRef  ApCst    00003000 INTL 20191018)
Feb 14 15:05:13 z4s-JasperLake-Platform kernel: [    0.195704] ACPI: EC: EC started
Feb 14 15:05:13 z4s-JasperLake-Platform kernel: [    0.195706] ACPI: EC: interrupt blocked
Feb 14 15:05:13 z4s-JasperLake-Platform kernel: [    0.195749] ACPI: EC: EC_CMD/EC_SC=0x66, EC_DATA=0x62
Feb 14 15:05:13 z4s-JasperLake-Platform kernel: [    0.195752] ACPI: \_SB_.PC00.LPCB.EC00: Boot DSDT EC used to handle transactions
Feb 14 15:05:13 z4s-JasperLake-Platform kernel: [    0.195753] ACPI: Interpreter enabled
Feb 14 15:05:13 z4s-JasperLake-Platform kernel: [    0.195810] ACPI: PM: (supports S0 S3 S4 S5)
Feb 14 15:05:13 z4s-JasperLake-Platform kernel: [    0.195811] ACPI: Using IOAPIC for interrupt routing
Feb 14 15:05:13 z4s-JasperLake-Platform kernel: [    0.195860] PCI: MMCONFIG for domain 0000 [bus 00-ff] at [mem 0xc0000000-0xcfffffff] (base 0xc0000000)
Feb 14 15:05:13 z4s-JasperLake-Platform kernel: [    0.199049] PCI: MMCONFIG at [mem 0xc0000000-0xcfffffff] reserved in ACPI motherboard resources
Feb 14 15:05:13 z4s-JasperLake-Platform kernel: [    0.199069] PCI: Using host bridge windows from ACPI; if necessary, use "pci=nocrs" and report a bug
Feb 14 15:05:13 z4s-JasperLake-Platform kernel: [    0.199070] PCI: Using E820 reservations for host bridge windows
Feb 14 15:05:13 z4s-JasperLake-Platform kernel: [    0.201762] ACPI: Enabled 6 GPEs in block 00 to 7F
Feb 14 15:05:13 z4s-JasperLake-Platform kernel: [    0.216099] ACPI: PM: Power Resource [WRST]
Feb 14 15:05:13 z4s-JasperLake-Platform kernel: [    0.226395] acpi ABCD0000:00: ACPI dock station (docks/bays count: 1)
Feb 14 15:05:13 z4s-JasperLake-Platform kernel: [    0.231857] ACPI: PM: Power Resource [FN00]
Feb 14 15:05:13 z4s-JasperLake-Platform kernel: [    0.231952] ACPI: PM: Power Resource [FN01]
Feb 14 15:05:13 z4s-JasperLake-Platform kernel: [    0.232040] ACPI: PM: Power Resource [FN02]
Feb 14 15:05:13 z4s-JasperLake-Platform kernel: [    0.232127] ACPI: PM: Power Resource [FN03]
Feb 14 15:05:13 z4s-JasperLake-Platform kernel: [    0.232223] ACPI: PM: Power Resource [FN04]
Feb 14 15:05:13 z4s-JasperLake-Platform kernel: [    0.232969] ACPI: PM: Power Resource [PIN]
Feb 14 15:05:13 z4s-JasperLake-Platform kernel: [    0.233440] ACPI: PCI Root Bridge [PC00] (domain 0000 [bus 00-fe])
Feb 14 15:05:13 z4s-JasperLake-Platform kernel: [    0.233448] acpi PNP0A08:00: _OSC: OS supports [ExtendedConfig ASPM ClockPM Segments MSI EDR HPX-Type3]
Feb 14 15:05:13 z4s-JasperLake-Platform kernel: [    0.233696] acpi PNP0A08:00: _OSC: platform does not support [PCIeHotplug SHPCHotplug PME]
Feb 14 15:05:13 z4s-JasperLake-Platform kernel: [    0.233932] acpi PNP0A08:00: _OSC: OS now controls [AER PCIeCapability LTR DPC]
Feb 14 15:05:13 z4s-JasperLake-Platform kernel: [    0.233934] acpi PNP0A08:00: FADT indicates ASPM is unsupported, using BIOS configuration
Feb 14 15:05:13 z4s-JasperLake-Platform kernel: [    0.236863] PCI host bridge to bus 0000:00
Feb 14 15:05:13 z4s-JasperLake-Platform kernel: [    0.236866] pci_bus 0000:00: root bus resource [bus 00-fe]
Feb 14 15:05:13 z4s-JasperLake-Platform kernel: [    0.236868] pci_bus 0000:00: root bus resource [io  0x0000-0x0cf7 window]
Feb 14 15:05:13 z4s-JasperLake-Platform kernel: [    0.236870] pci_bus 0000:00: root bus resource [io  0x0d00-0xffff window]
Feb 14 15:05:13 z4s-JasperLake-Platform kernel: [    0.236871] pci_bus 0000:00: root bus resource [mem 0x000a0000-0x000bffff window]
Feb 14 15:05:13 z4s-JasperLake-Platform kernel: [    0.236873] pci_bus 0000:00: root bus resource [mem 0x7fc00000-0xbfffffff window]
Feb 14 15:05:13 z4s-JasperLake-Platform kernel: [    0.236874] pci_bus 0000:00: root bus resource [mem 0x4000000000-0x7fffffffff window]
Feb 14 15:05:13 z4s-JasperLake-Platform kernel: [    0.238968] pci 0000:00:00.0: [8086:4e24] type 00 class 0x060000
Feb 14 15:05:13 z4s-JasperLake-Platform kernel: [    0.240973] pci 0000:00:02.0: [8086:4e61] type 00 class 0x030000
Feb 14 15:05:13 z4s-JasperLake-Platform kernel: [    0.240985] pci 0000:00:02.0: reg 0x10: [mem 0x6000000000-0x6000ffffff 64bit]
Feb 14 15:05:13 z4s-JasperLake-Platform kernel: [    0.240993] pci 0000:00:02.0: reg 0x18: [mem 0x4000000000-0x400fffffff 64bit pref]
Feb 14 15:05:13 z4s-JasperLake-Platform kernel: [    0.240998] pci 0000:00:02.0: reg 0x20: [io  0x3000-0x303f]
Feb 14 15:05:13 z4s-JasperLake-Platform kernel: [    0.241017] pci 0000:00:02.0: BAR 2: assigned to efifb
Feb 14 15:05:13 z4s-JasperLake-Platform kernel: [    0.241019] pci 0000:00:02.0: DMAR: Skip IOMMU disabling for graphics
Feb 14 15:05:13 z4s-JasperLake-Platform kernel: [    0.241022] pci 0000:00:02.0: Video device with shadowed ROM at [mem 0x000c0000-0x000dffff]
Feb 14 15:05:13 z4s-JasperLake-Platform kernel: [    0.243079] pci 0000:00:04.0: [8086:4e03] type 00 class 0x118000
Feb 14 15:05:13 z4s-JasperLake-Platform kernel: [    0.243098] pci 0000:00:04.0: reg 0x10: [mem 0x6001110000-0x600111ffff 64bit]
Feb 14 15:05:13 z4s-JasperLake-Platform kernel: [    0.245341] pci 0000:00:14.0: [8086:4ded] type 00 class 0x0c0330
Feb 14 15:05:13 z4s-JasperLake-Platform kernel: [    0.245362] pci 0000:00:14.0: reg 0x10: [mem 0x6001100000-0x600110ffff 64bit]
Feb 14 15:05:13 z4s-JasperLake-Platform kernel: [    0.245437] pci 0000:00:14.0: PME# supported from D3hot D3cold
Feb 14 15:05:13 z4s-JasperLake-Platform kernel: [    0.246759] pci 0000:00:14.2: [8086:4def] type 00 class 0x050000
Feb 14 15:05:13 z4s-JasperLake-Platform kernel: [    0.246782] pci 0000:00:14.2: reg 0x10: [mem 0x6001124000-0x6001125fff 64bit]
Feb 14 15:05:13 z4s-JasperLake-Platform kernel: [    0.246795] pci 0000:00:14.2: reg 0x18: [mem 0x6001129000-0x6001129fff 64bit]
Feb 14 15:05:13 z4s-JasperLake-Platform kernel: [    0.249699] pci 0000:00:16.0: [8086:4de0] type 00 class 0x078000
Feb 14 15:05:13 z4s-JasperLake-Platform kernel: [    0.249725] pci 0000:00:16.0: reg 0x10: [mem 0x6001128000-0x6001128fff 64bit]
Feb 14 15:05:13 z4s-JasperLake-Platform kernel: [    0.249812] pci 0000:00:16.0: PME# supported from D3hot
Feb 14 15:05:13 z4s-JasperLake-Platform kernel: [    0.252254] pci 0000:00:1a.0: [8086:4dc4] type 00 class 0x080501
Feb 14 15:05:13 z4s-JasperLake-Platform kernel: [    0.252281] pci 0000:00:1a.0: reg 0x10: [mem 0x6001127000-0x6001127fff 64bit]
Feb 14 15:05:13 z4s-JasperLake-Platform kernel: [    0.254558] pci 0000:00:1c.0: [8086:4dbb] type 01 class 0x060400
Feb 14 15:05:13 z4s-JasperLake-Platform kernel: [    0.254669] pci 0000:00:1c.0: PME# supported from D0 D3hot D3cold
Feb 14 15:05:13 z4s-JasperLake-Platform kernel: [    0.254711] pci 0000:00:1c.0: PTM enabled (root), 4ns granularity
Feb 14 15:05:13 z4s-JasperLake-Platform kernel: [    0.257462] pci 0000:00:1c.4: [8086:4dbc] type 01 class 0x060400
Feb 14 15:05:13 z4s-JasperLake-Platform kernel: [    0.257569] pci 0000:00:1c.4: PME# supported from D0 D3hot D3cold
Feb 14 15:05:13 z4s-JasperLake-Platform kernel: [    0.257608] pci 0000:00:1c.4: PTM enabled (root), 4ns granularity
Feb 14 15:05:13 z4s-JasperLake-Platform kernel: [    0.260364] pci 0000:00:1c.6: [8086:4dbe] type 01 class 0x060400
Feb 14 15:05:13 z4s-JasperLake-Platform kernel: [    0.260474] pci 0000:00:1c.6: PME# supported from D0 D3hot D3cold
Feb 14 15:05:13 z4s-JasperLake-Platform kernel: [    0.260516] pci 0000:00:1c.6: PTM enabled (root), 4ns granularity
Feb 14 15:05:13 z4s-JasperLake-Platform kernel: [    0.263256] pci 0000:00:1c.7: [8086:4dbf] type 01 class 0x060400
Feb 14 15:05:13 z4s-JasperLake-Platform kernel: [    0.263366] pci 0000:00:1c.7: PME# supported from D0 D3hot D3cold
Feb 14 15:05:13 z4s-JasperLake-Platform kernel: [    0.263409] pci 0000:00:1c.7: PTM enabled (root), 4ns granularity
Feb 14 15:05:13 z4s-JasperLake-Platform kernel: [    0.266174] pci 0000:00:1f.0: [8086:4d87] type 00 class 0x060100
Feb 14 15:05:13 z4s-JasperLake-Platform kernel: [    0.268416] pci 0000:00:1f.3: [8086:4dc8] type 00 class 0x040300
Feb 14 15:05:13 z4s-JasperLake-Platform kernel: [    0.268455] pci 0000:00:1f.3: reg 0x10: [mem 0x6001120000-0x6001123fff 64bit]
Feb 14 15:05:13 z4s-JasperLake-Platform kernel: [    0.268503] pci 0000:00:1f.3: reg 0x20: [mem 0x6001000000-0x60010fffff 64bit]
Feb 14 15:05:13 z4s-JasperLake-Platform kernel: [    0.268595] pci 0000:00:1f.3: PME# supported from D3hot D3cold
Feb 14 15:05:13 z4s-JasperLake-Platform kernel: [    0.271090] pci 0000:00:1f.4: [8086:4da3] type 00 class 0x0c0500
Feb 14 15:05:13 z4s-JasperLake-Platform kernel: [    0.271119] pci 0000:00:1f.4: reg 0x10: [mem 0x6001126000-0x60011260ff 64bit]
Feb 14 15:05:13 z4s-JasperLake-Platform kernel: [    0.271146] pci 0000:00:1f.4: reg 0x20: [io  0xefa0-0xefbf]
Feb 14 15:05:13 z4s-JasperLake-Platform kernel: [    0.272387] pci 0000:00:1f.5: [8086:4da4] type 00 class 0x0c8000
Feb 14 15:05:13 z4s-JasperLake-Platform kernel: [    0.272408] pci 0000:00:1f.5: reg 0x10: [mem 0xfe010000-0xfe010fff]
Feb 14 15:05:13 z4s-JasperLake-Platform kernel: [    0.273532] pci 0000:01:00.0: [8086:15f3] type 00 class 0x020000
Feb 14 15:05:13 z4s-JasperLake-Platform kernel: [    0.273557] pci 0000:01:00.0: reg 0x10: [mem 0x80000000-0x800fffff]
Feb 14 15:05:13 z4s-JasperLake-Platform kernel: [    0.273592] pci 0000:01:00.0: reg 0x1c: [mem 0x80100000-0x80103fff]
Feb 14 15:05:13 z4s-JasperLake-Platform kernel: [    0.273627] pci 0000:01:00.0: reg 0x30: [mem 0xfff00000-0xffffffff pref]
Feb 14 15:05:13 z4s-JasperLake-Platform kernel: [    0.273737] pci 0000:01:00.0: PME# supported from D0 D3hot D3cold
Feb 14 15:05:13 z4s-JasperLake-Platform kernel: [    0.273904] pci 0000:00:1c.0: PCI bridge to [bus 01]
Feb 14 15:05:13 z4s-JasperLake-Platform kernel: [    0.273910] pci 0000:00:1c.0:   bridge window [mem 0x80000000-0x801fffff]
Feb 14 15:05:13 z4s-JasperLake-Platform kernel: [    0.273993] pci 0000:02:00.0: [197b:0585] type 00 class 0x010601
Feb 14 15:05:13 z4s-JasperLake-Platform kernel: [    0.274015] pci 0000:02:00.0: reg 0x10: [io  0x2200-0x227f]
Feb 14 15:05:13 z4s-JasperLake-Platform kernel: [    0.274027] pci 0000:02:00.0: reg 0x14: [io  0x2180-0x21ff]
Feb 14 15:05:13 z4s-JasperLake-Platform kernel: [    0.274038] pci 0000:02:00.0: reg 0x18: [io  0x2100-0x217f]
Feb 14 15:05:13 z4s-JasperLake-Platform kernel: [    0.274050] pci 0000:02:00.0: reg 0x1c: [io  0x2080-0x20ff]
Feb 14 15:05:13 z4s-JasperLake-Platform kernel: [    0.274061] pci 0000:02:00.0: reg 0x20: [io  0x2000-0x207f]
Feb 14 15:05:13 z4s-JasperLake-Platform kernel: [    0.274072] pci 0000:02:00.0: reg 0x24: [mem 0x7ff00000-0x7ff01fff]
Feb 14 15:05:13 z4s-JasperLake-Platform kernel: [    0.274084] pci 0000:02:00.0: reg 0x30: [mem 0xffff0000-0xffffffff pref]
Feb 14 15:05:13 z4s-JasperLake-Platform kernel: [    0.274183] pci 0000:02:00.0: PME# supported from D3hot
Feb 14 15:05:13 z4s-JasperLake-Platform kernel: [    0.274340] pci 0000:00:1c.4: PCI bridge to [bus 02]
Feb 14 15:05:13 z4s-JasperLake-Platform kernel: [    0.274344] pci 0000:00:1c.4:   bridge window [io  0x2000-0x2fff]
Feb 14 15:05:13 z4s-JasperLake-Platform kernel: [    0.274347] pci 0000:00:1c.4:   bridge window [mem 0x7ff00000-0x7fffffff]
Feb 14 15:05:13 z4s-JasperLake-Platform kernel: [    0.274433] pci 0000:03:00.0: [8086:15f3] type 00 class 0x020000
Feb 14 15:05:13 z4s-JasperLake-Platform kernel: [    0.274457] pci 0000:03:00.0: reg 0x10: [mem 0x7fd00000-0x7fdfffff]
Feb 14 15:05:13 z4s-JasperLake-Platform kernel: [    0.274492] pci 0000:03:00.0: reg 0x1c: [mem 0x7fe00000-0x7fe03fff]
Feb 14 15:05:13 z4s-JasperLake-Platform kernel: [    0.274527] pci 0000:03:00.0: reg 0x30: [mem 0xfff00000-0xffffffff pref]
Feb 14 15:05:13 z4s-JasperLake-Platform kernel: [    0.274636] pci 0000:03:00.0: PME# supported from D0 D3hot D3cold
Feb 14 15:05:13 z4s-JasperLake-Platform kernel: [    0.274804] pci 0000:00:1c.6: PCI bridge to [bus 03]
Feb 14 15:05:13 z4s-JasperLake-Platform kernel: [    0.274810] pci 0000:00:1c.6:   bridge window [mem 0x7fd00000-0x7fefffff]
Feb 14 15:05:13 z4s-JasperLake-Platform kernel: [    0.274901] pci 0000:04:00.0: [1c5c:174a] type 00 class 0x010802
Feb 14 15:05:13 z4s-JasperLake-Platform kernel: [    0.274929] pci 0000:04:00.0: reg 0x10: [mem 0x7fc00000-0x7fc03fff 64bit]
Feb 14 15:05:13 z4s-JasperLake-Platform kernel: [    0.274940] pci 0000:04:00.0: reg 0x18: [mem 0x7fc05000-0x7fc05fff]
Feb 14 15:05:13 z4s-JasperLake-Platform kernel: [    0.274951] pci 0000:04:00.0: reg 0x1c: [mem 0x7fc04000-0x7fc04fff]
Feb 14 15:05:13 z4s-JasperLake-Platform kernel: [    0.275182] pci 0000:04:00.0: 7.876 Gb/s available PCIe bandwidth, limited by 8.0 GT/s PCIe x1 link at 0000:00:1c.7 (capable of 31.504 Gb/s with 8.0 GT/s PCIe x4 link)
Feb 14 15:05:13 z4s-JasperLake-Platform kernel: [    0.275253] pci 0000:00:1c.7: PCI bridge to [bus 04]
Feb 14 15:05:13 z4s-JasperLake-Platform kernel: [    0.275258] pci 0000:00:1c.7:   bridge window [mem 0x7fc00000-0x7fcfffff]
Feb 14 15:05:13 z4s-JasperLake-Platform kernel: [    0.290023] ACPI: EC: interrupt unblocked
Feb 14 15:05:13 z4s-JasperLake-Platform kernel: [    0.290025] ACPI: EC: event unblocked
Feb 14 15:05:13 z4s-JasperLake-Platform kernel: [    0.290045] ACPI: EC: EC_CMD/EC_SC=0x66, EC_DATA=0x62
Feb 14 15:05:13 z4s-JasperLake-Platform kernel: [    0.290047] ACPI: EC: GPE=0x6e
Feb 14 15:05:13 z4s-JasperLake-Platform kernel: [    0.290048] ACPI: \_SB_.PC00.LPCB.EC00: Boot DSDT EC initialization complete
Feb 14 15:05:13 z4s-JasperLake-Platform kernel: [    0.290050] ACPI: \_SB_.PC00.LPCB.EC00: EC: Used to handle transactions and events
Feb 14 15:05:13 z4s-JasperLake-Platform kernel: [    0.290145] iommu: Default domain type: Translated 
Feb 14 15:05:13 z4s-JasperLake-Platform kernel: [    0.290145] iommu: DMA domain TLB invalidation policy: lazy mode 
Feb 14 15:05:13 z4s-JasperLake-Platform kernel: [    0.290145] SCSI subsystem initialized
Feb 14 15:05:13 z4s-JasperLake-Platform kernel: [    0.290145] libata version 3.00 loaded.
Feb 14 15:05:13 z4s-JasperLake-Platform kernel: [    0.290145] pci 0000:00:02.0: vgaarb: setting as boot VGA device
Feb 14 15:05:13 z4s-JasperLake-Platform kernel: [    0.290145] pci 0000:00:02.0: vgaarb: VGA device added: decodes=io+mem,owns=io+mem,locks=none
Feb 14 15:05:13 z4s-JasperLake-Platform kernel: [    0.290145] pci 0000:00:02.0: vgaarb: bridge control possible
Feb 14 15:05:13 z4s-JasperLake-Platform kernel: [    0.290145] vgaarb: loaded
Feb 14 15:05:13 z4s-JasperLake-Platform kernel: [    0.290145] ACPI: bus type USB registered
Feb 14 15:05:13 z4s-JasperLake-Platform kernel: [    0.290145] usbcore: registered new interface driver usbfs
Feb 14 15:05:13 z4s-JasperLake-Platform kernel: [    0.290145] usbcore: registered new interface driver hub
Feb 14 15:05:13 z4s-JasperLake-Platform kernel: [    0.290145] usbcore: registered new device driver usb
Feb 14 15:05:13 z4s-JasperLake-Platform kernel: [    0.290145] pps_core: LinuxPPS API ver. 1 registered
Feb 14 15:05:13 z4s-JasperLake-Platform kernel: [    0.290145] pps_core: Software ver. 5.3.6 - Copyright 2005-2007 Rodolfo Giometti <giometti@linux.it>
Feb 14 15:05:13 z4s-JasperLake-Platform kernel: [    0.290145] PTP clock support registered
Feb 14 15:05:13 z4s-JasperLake-Platform kernel: [    0.290145] EDAC MC: Ver: 3.0.0
Feb 14 15:05:13 z4s-JasperLake-Platform kernel: [    0.290145] Registered efivars operations
Feb 14 15:05:13 z4s-JasperLake-Platform kernel: [    0.290145] NetLabel: Initializing
Feb 14 15:05:13 z4s-JasperLake-Platform kernel: [    0.290145] NetLabel:  domain hash size = 128
Feb 14 15:05:13 z4s-JasperLake-Platform kernel: [    0.290145] NetLabel:  protocols = UNLABELED CIPSOv4 CALIPSO
Feb 14 15:05:13 z4s-JasperLake-Platform kernel: [    0.290145] NetLabel:  unlabeled traffic allowed by default
Feb 14 15:05:13 z4s-JasperLake-Platform kernel: [    0.290145] PCI: Using ACPI for IRQ routing
Feb 14 15:05:13 z4s-JasperLake-Platform kernel: [    0.310019] PCI: pci_cache_line_size set to 64 bytes
Feb 14 15:05:13 z4s-JasperLake-Platform kernel: [    0.310063] pci 0000:00:1f.5: can't claim BAR 0 [mem 0xfe010000-0xfe010fff]: no compatible bridge window
Feb 14 15:05:13 z4s-JasperLake-Platform kernel: [    0.310102] e820: reserve RAM buffer [mem 0x0009f000-0x0009ffff]
Feb 14 15:05:13 z4s-JasperLake-Platform kernel: [    0.310104] e820: reserve RAM buffer [mem 0x6d44a018-0x6fffffff]
Feb 14 15:05:13 z4s-JasperLake-Platform kernel: [    0.310106] e820: reserve RAM buffer [mem 0x6d46b018-0x6fffffff]
Feb 14 15:05:13 z4s-JasperLake-Platform kernel: [    0.310107] e820: reserve RAM buffer [mem 0x6f01d000-0x6fffffff]
Feb 14 15:05:13 z4s-JasperLake-Platform kernel: [    0.310108] e820: reserve RAM buffer [mem 0x6fb03000-0x6fffffff]
Feb 14 15:05:13 z4s-JasperLake-Platform kernel: [    0.310108] e820: reserve RAM buffer [mem 0x70d29000-0x73ffffff]
Feb 14 15:05:13 z4s-JasperLake-Platform kernel: [    0.310109] e820: reserve RAM buffer [mem 0x72a17000-0x73ffffff]
Feb 14 15:05:13 z4s-JasperLake-Platform kernel: [    0.310110] e820: reserve RAM buffer [mem 0x78c00000-0x7bffffff]
Feb 14 15:05:13 z4s-JasperLake-Platform kernel: [    0.310111] e820: reserve RAM buffer [mem 0x180400000-0x183ffffff]
Feb 14 15:05:13 z4s-JasperLake-Platform kernel: [    0.310400] clocksource: Switched to clocksource tsc-early
Feb 14 15:05:13 z4s-JasperLake-Platform kernel: [    0.319055] VFS: Disk quotas dquot_6.6.0
Feb 14 15:05:13 z4s-JasperLake-Platform kernel: [    0.319072] VFS: Dquot-cache hash table entries: 512 (order 0, 4096 bytes)
Feb 14 15:05:13 z4s-JasperLake-Platform kernel: [    0.319186] AppArmor: AppArmor Filesystem Enabled
Feb 14 15:05:13 z4s-JasperLake-Platform kernel: [    0.319237] pnp: PnP ACPI init
Feb 14 15:05:13 z4s-JasperLake-Platform kernel: [    0.319577] system 00:00: [io  0x0680-0x069f] has been reserved
Feb 14 15:05:13 z4s-JasperLake-Platform kernel: [    0.319581] system 00:00: [io  0x164e-0x164f] has been reserved
Feb 14 15:05:13 z4s-JasperLake-Platform kernel: [    0.319738] system 00:01: [io  0x1854-0x1857] has been reserved
Feb 14 15:05:13 z4s-JasperLake-Platform kernel: [    0.320733] system 00:02: [mem 0xfea80000-0xfeafffff] has been reserved
Feb 14 15:05:13 z4s-JasperLake-Platform kernel: [    0.320736] system 00:02: [mem 0xfeda0000-0xfeda0fff] has been reserved
Feb 14 15:05:13 z4s-JasperLake-Platform kernel: [    0.320738] system 00:02: [mem 0xfeda1000-0xfeda1fff] has been reserved
Feb 14 15:05:13 z4s-JasperLake-Platform kernel: [    0.320739] system 00:02: [mem 0xc0000000-0xcfffffff] has been reserved
Feb 14 15:05:13 z4s-JasperLake-Platform kernel: [    0.320741] system 00:02: [mem 0xfed20000-0xfed7ffff] has been reserved
Feb 14 15:05:13 z4s-JasperLake-Platform kernel: [    0.320743] system 00:02: [mem 0xfed90000-0xfed93fff] could not be reserved
Feb 14 15:05:13 z4s-JasperLake-Platform kernel: [    0.320744] system 00:02: [mem 0xfed45000-0xfed8ffff] could not be reserved
Feb 14 15:05:13 z4s-JasperLake-Platform kernel: [    0.320746] system 00:02: [mem 0xfee00000-0xfeefffff] has been reserved
Feb 14 15:05:13 z4s-JasperLake-Platform kernel: [    0.321608] system 00:03: [io  0x1800-0x18fe] could not be reserved
Feb 14 15:05:13 z4s-JasperLake-Platform kernel: [    0.321611] system 00:03: [mem 0xfe000000-0xfe01ffff] has been reserved
Feb 14 15:05:13 z4s-JasperLake-Platform kernel: [    0.321612] system 00:03: [mem 0xfe04c000-0xfe04ffff] has been reserved
Feb 14 15:05:13 z4s-JasperLake-Platform kernel: [    0.321614] system 00:03: [mem 0xfe050000-0xfe0affff] has been reserved
Feb 14 15:05:13 z4s-JasperLake-Platform kernel: [    0.321615] system 00:03: [mem 0xfe0d0000-0xfe0fffff] has been reserved
Feb 14 15:05:13 z4s-JasperLake-Platform kernel: [    0.321617] system 00:03: [mem 0xfe200000-0xfe7fffff] has been reserved
Feb 14 15:05:13 z4s-JasperLake-Platform kernel: [    0.321618] system 00:03: [mem 0xff000000-0xffffffff] has been reserved
Feb 14 15:05:13 z4s-JasperLake-Platform kernel: [    0.321620] system 00:03: [mem 0xfd000000-0xfd68ffff] has been reserved
Feb 14 15:05:13 z4s-JasperLake-Platform kernel: [    0.321621] system 00:03: [mem 0xfd6b0000-0xfd6cffff] has been reserved
Feb 14 15:05:13 z4s-JasperLake-Platform kernel: [    0.321623] system 00:03: [mem 0xfd6f0000-0xfdffffff] has been reserved
Feb 14 15:05:13 z4s-JasperLake-Platform kernel: [    0.321973] system 00:04: [io  0xff00-0xfffe] has been reserved
Feb 14 15:05:13 z4s-JasperLake-Platform kernel: [    0.322422] pnp: PnP ACPI: found 6 devices
Feb 14 15:05:13 z4s-JasperLake-Platform kernel: [    0.328141] clocksource: acpi_pm: mask: 0xffffff max_cycles: 0xffffff, max_idle_ns: 2085701024 ns
Feb 14 15:05:13 z4s-JasperLake-Platform kernel: [    0.328202] NET: Registered PF_INET protocol family
Feb 14 15:05:13 z4s-JasperLake-Platform kernel: [    0.328308] IP idents hash table entries: 65536 (order: 7, 524288 bytes, linear)
Feb 14 15:05:13 z4s-JasperLake-Platform kernel: [    0.329154] tcp_listen_portaddr_hash hash table entries: 2048 (order: 3, 32768 bytes, linear)
Feb 14 15:05:13 z4s-JasperLake-Platform kernel: [    0.329194] Table-perturb hash table entries: 65536 (order: 6, 262144 bytes, linear)
Feb 14 15:05:13 z4s-JasperLake-Platform kernel: [    0.329246] TCP established hash table entries: 32768 (order: 6, 262144 bytes, linear)
Feb 14 15:05:13 z4s-JasperLake-Platform kernel: [    0.329376] TCP bind hash table entries: 32768 (order: 7, 524288 bytes, linear)
Feb 14 15:05:13 z4s-JasperLake-Platform kernel: [    0.329415] TCP: Hash tables configured (established 32768 bind 32768)
Feb 14 15:05:13 z4s-JasperLake-Platform kernel: [    0.329488] MPTCP token hash table entries: 4096 (order: 4, 98304 bytes, linear)
Feb 14 15:05:13 z4s-JasperLake-Platform kernel: [    0.329515] UDP hash table entries: 2048 (order: 4, 65536 bytes, linear)
Feb 14 15:05:13 z4s-JasperLake-Platform kernel: [    0.329533] UDP-Lite hash table entries: 2048 (order: 4, 65536 bytes, linear)
Feb 14 15:05:13 z4s-JasperLake-Platform kernel: [    0.329571] NET: Registered PF_UNIX/PF_LOCAL protocol family
Feb 14 15:05:13 z4s-JasperLake-Platform kernel: [    0.329577] NET: Registered PF_XDP protocol family
Feb 14 15:05:13 z4s-JasperLake-Platform kernel: [    0.329582] pci 0000:01:00.0: can't claim BAR 6 [mem 0xfff00000-0xffffffff pref]: no compatible bridge window
Feb 14 15:05:13 z4s-JasperLake-Platform kernel: [    0.329587] pci 0000:02:00.0: can't claim BAR 6 [mem 0xffff0000-0xffffffff pref]: no compatible bridge window
Feb 14 15:05:13 z4s-JasperLake-Platform kernel: [    0.329589] pci 0000:03:00.0: can't claim BAR 6 [mem 0xfff00000-0xffffffff pref]: no compatible bridge window
Feb 14 15:05:13 z4s-JasperLake-Platform kernel: [    0.329602] clipped [mem size 0x00020000] to [mem size 0xfffffffffffc0000] for e820 entry [mem 0x0009f000-0x000fffff]
Feb 14 15:05:13 z4s-JasperLake-Platform kernel: [    0.329606] pci 0000:00:1f.5: BAR 0: assigned [mem 0x80200000-0x80200fff]
Feb 14 15:05:13 z4s-JasperLake-Platform kernel: [    0.329621] pci 0000:01:00.0: BAR 6: no space for [mem size 0x00100000 pref]
Feb 14 15:05:13 z4s-JasperLake-Platform kernel: [    0.329623] pci 0000:01:00.0: BAR 6: failed to assign [mem size 0x00100000 pref]
Feb 14 15:05:13 z4s-JasperLake-Platform kernel: [    0.329625] pci 0000:00:1c.0: PCI bridge to [bus 01]
Feb 14 15:05:13 z4s-JasperLake-Platform kernel: [    0.329630] pci 0000:00:1c.0:   bridge window [mem 0x80000000-0x801fffff]
Feb 14 15:05:13 z4s-JasperLake-Platform kernel: [    0.329638] pci 0000:02:00.0: BAR 6: assigned [mem 0x7ff10000-0x7ff1ffff pref]
Feb 14 15:05:13 z4s-JasperLake-Platform kernel: [    0.329647] pci 0000:00:1c.4: PCI bridge to [bus 02]
Feb 14 15:05:13 z4s-JasperLake-Platform kernel: [    0.329651] pci 0000:00:1c.4:   bridge window [io  0x2000-0x2fff]
Feb 14 15:05:13 z4s-JasperLake-Platform kernel: [    0.329657] pci 0000:00:1c.4:   bridge window [mem 0x7ff00000-0x7fffffff]
Feb 14 15:05:13 z4s-JasperLake-Platform kernel: [    0.329664] pci 0000:03:00.0: BAR 6: no space for [mem size 0x00100000 pref]
Feb 14 15:05:13 z4s-JasperLake-Platform kernel: [    0.329666] pci 0000:03:00.0: BAR 6: failed to assign [mem size 0x00100000 pref]
Feb 14 15:05:13 z4s-JasperLake-Platform kernel: [    0.329667] pci 0000:00:1c.6: PCI bridge to [bus 03]
Feb 14 15:05:13 z4s-JasperLake-Platform kernel: [    0.329671] pci 0000:00:1c.6:   bridge window [mem 0x7fd00000-0x7fefffff]
Feb 14 15:05:13 z4s-JasperLake-Platform kernel: [    0.329679] pci 0000:00:1c.7: PCI bridge to [bus 04]
Feb 14 15:05:13 z4s-JasperLake-Platform kernel: [    0.329683] pci 0000:00:1c.7:   bridge window [mem 0x7fc00000-0x7fcfffff]
Feb 14 15:05:13 z4s-JasperLake-Platform kernel: [    0.329691] pci_bus 0000:00: resource 4 [io  0x0000-0x0cf7 window]
Feb 14 15:05:13 z4s-JasperLake-Platform kernel: [    0.329692] pci_bus 0000:00: resource 5 [io  0x0d00-0xffff window]
Feb 14 15:05:13 z4s-JasperLake-Platform kernel: [    0.329694] pci_bus 0000:00: resource 6 [mem 0x000a0000-0x000bffff window]
Feb 14 15:05:13 z4s-JasperLake-Platform kernel: [    0.329695] pci_bus 0000:00: resource 7 [mem 0x7fc00000-0xbfffffff window]
Feb 14 15:05:13 z4s-JasperLake-Platform kernel: [    0.329697] pci_bus 0000:00: resource 8 [mem 0x4000000000-0x7fffffffff window]
Feb 14 15:05:13 z4s-JasperLake-Platform kernel: [    0.329698] pci_bus 0000:01: resource 1 [mem 0x80000000-0x801fffff]
Feb 14 15:05:13 z4s-JasperLake-Platform kernel: [    0.329700] pci_bus 0000:02: resource 0 [io  0x2000-0x2fff]
Feb 14 15:05:13 z4s-JasperLake-Platform kernel: [    0.329702] pci_bus 0000:02: resource 1 [mem 0x7ff00000-0x7fffffff]
Feb 14 15:05:13 z4s-JasperLake-Platform kernel: [    0.329703] pci_bus 0000:03: resource 1 [mem 0x7fd00000-0x7fefffff]
Feb 14 15:05:13 z4s-JasperLake-Platform kernel: [    0.329705] pci_bus 0000:04: resource 1 [mem 0x7fc00000-0x7fcfffff]
Feb 14 15:05:13 z4s-JasperLake-Platform kernel: [    0.330256] PCI: CLS 128 bytes, default 64
Feb 14 15:05:13 z4s-JasperLake-Platform kernel: [    0.330295] PCI-DMA: Using software bounce buffering for IO (SWIOTLB)
Feb 14 15:05:13 z4s-JasperLake-Platform kernel: [    0.330297] software IO TLB: mapped [mem 0x0000000068fff000-0x000000006cfff000] (64MB)
Feb 14 15:05:13 z4s-JasperLake-Platform kernel: [    0.330361] Trying to unpack rootfs image as initramfs...
Feb 14 15:05:13 z4s-JasperLake-Platform kernel: [    0.330413] clocksource: tsc: mask: 0xffffffffffffffff max_cycles: 0x3990bec8342, max_idle_ns: 881590769617 ns
Feb 14 15:05:13 z4s-JasperLake-Platform kernel: [    0.330434] clocksource: Switched to clocksource tsc
Feb 14 15:05:13 z4s-JasperLake-Platform kernel: [    0.330467] platform rtc_cmos: registered platform RTC device (no PNP device found)
Feb 14 15:05:13 z4s-JasperLake-Platform kernel: [    0.330942] Initialise system trusted keyrings
Feb 14 15:05:13 z4s-JasperLake-Platform kernel: [    0.330954] Key type blacklist registered
Feb 14 15:05:13 z4s-JasperLake-Platform kernel: [    0.330991] workingset: timestamp_bits=36 max_order=20 bucket_order=0
Feb 14 15:05:13 z4s-JasperLake-Platform kernel: [    0.332323] zbud: loaded
Feb 14 15:05:13 z4s-JasperLake-Platform kernel: [    0.332634] squashfs: version 4.0 (2009/01/31) Phillip Lougher
Feb 14 15:05:13 z4s-JasperLake-Platform kernel: [    0.332858] fuse: init (API version 7.34)
Feb 14 15:05:13 z4s-JasperLake-Platform kernel: [    0.333043] integrity: Platform Keyring initialized
Feb 14 15:05:13 z4s-JasperLake-Platform kernel: [    0.343258] Key type asymmetric registered
Feb 14 15:05:13 z4s-JasperLake-Platform kernel: [    0.343265] Asymmetric key parser 'x509' registered
Feb 14 15:05:13 z4s-JasperLake-Platform kernel: [    0.343319] Block layer SCSI generic (bsg) driver version 0.4 loaded (major 243)
Feb 14 15:05:13 z4s-JasperLake-Platform kernel: [    0.343357] io scheduler mq-deadline registered
Feb 14 15:05:13 z4s-JasperLake-Platform kernel: [    0.346121] pcieport 0000:00:1c.0: AER: enabled with IRQ 122
Feb 14 15:05:13 z4s-JasperLake-Platform kernel: [    0.346178] pcieport 0000:00:1c.0: DPC: enabled with IRQ 122
Feb 14 15:05:13 z4s-JasperLake-Platform kernel: [    0.346180] pcieport 0000:00:1c.0: DPC: error containment capabilities: Int Msg #0, RPExt+ PoisonedTLP+ SwTrigger+ RP PIO Log 4, DL_ActiveErr+
Feb 14 15:05:13 z4s-JasperLake-Platform kernel: [    0.346567] pcieport 0000:00:1c.4: AER: enabled with IRQ 123
Feb 14 15:05:13 z4s-JasperLake-Platform kernel: [    0.346613] pcieport 0000:00:1c.4: DPC: enabled with IRQ 123
Feb 14 15:05:13 z4s-JasperLake-Platform kernel: [    0.346615] pcieport 0000:00:1c.4: DPC: error containment capabilities: Int Msg #0, RPExt+ PoisonedTLP+ SwTrigger+ RP PIO Log 4, DL_ActiveErr+
Feb 14 15:05:13 z4s-JasperLake-Platform kernel: [    0.346969] pcieport 0000:00:1c.6: AER: enabled with IRQ 124
Feb 14 15:05:13 z4s-JasperLake-Platform kernel: [    0.347022] pcieport 0000:00:1c.6: DPC: enabled with IRQ 124
Feb 14 15:05:13 z4s-JasperLake-Platform kernel: [    0.347024] pcieport 0000:00:1c.6: DPC: error containment capabilities: Int Msg #0, RPExt+ PoisonedTLP+ SwTrigger+ RP PIO Log 4, DL_ActiveErr+
Feb 14 15:05:13 z4s-JasperLake-Platform kernel: [    0.347364] pcieport 0000:00:1c.7: AER: enabled with IRQ 125
Feb 14 15:05:13 z4s-JasperLake-Platform kernel: [    0.347411] pcieport 0000:00:1c.7: DPC: enabled with IRQ 125
Feb 14 15:05:13 z4s-JasperLake-Platform kernel: [    0.347412] pcieport 0000:00:1c.7: DPC: error containment capabilities: Int Msg #0, RPExt+ PoisonedTLP+ SwTrigger+ RP PIO Log 4, DL_ActiveErr+
Feb 14 15:05:13 z4s-JasperLake-Platform kernel: [    0.347549] shpchp: Standard Hot Plug PCI Controller Driver version: 0.4
Feb 14 15:05:13 z4s-JasperLake-Platform kernel: [    0.347954] Monitor-Mwait will be used to enter C-1 state
Feb 14 15:05:13 z4s-JasperLake-Platform kernel: [    0.347961] Monitor-Mwait will be used to enter C-2 state
Feb 14 15:05:13 z4s-JasperLake-Platform kernel: [    0.347964] Monitor-Mwait will be used to enter C-3 state
Feb 14 15:05:13 z4s-JasperLake-Platform kernel: [    0.347967] ACPI: \_SB_.PR00: Found 3 idle states
Feb 14 15:05:13 z4s-JasperLake-Platform kernel: [    0.348264] input: Sleep Button as /devices/LNXSYSTM:00/LNXSYBUS:00/PNP0C0E:00/input/input0
Feb 14 15:05:13 z4s-JasperLake-Platform kernel: [    0.348293] ACPI: button: Sleep Button [SLPB]
Feb 14 15:05:13 z4s-JasperLake-Platform kernel: [    0.348326] input: Power Button as /devices/LNXSYSTM:00/LNXSYBUS:00/PNP0C0C:00/input/input1
Feb 14 15:05:13 z4s-JasperLake-Platform kernel: [    0.348343] ACPI: button: Power Button [PWRB]
Feb 14 15:05:13 z4s-JasperLake-Platform kernel: [    0.348373] input: Power Button as /devices/LNXSYSTM:00/LNXPWRBN:00/input/input2
Feb 14 15:05:13 z4s-JasperLake-Platform kernel: [    0.348408] ACPI: button: Power Button [PWRF]
Feb 14 15:05:13 z4s-JasperLake-Platform kernel: [    0.348619] ACPI BIOS Error (bug): Could not resolve symbol [\_SB.PR00._CPC], AE_NOT_FOUND (20210730/psargs-330)
Feb 14 15:05:13 z4s-JasperLake-Platform kernel: [    0.348630] fbcon: Taking over console
Feb 14 15:05:13 z4s-JasperLake-Platform kernel: [    0.348639] 
Feb 14 15:05:13 z4s-JasperLake-Platform kernel: [    0.348641] No Local Variables are initialized for Method [_CPC]
Feb 14 15:05:13 z4s-JasperLake-Platform kernel: [    0.348642] 
Feb 14 15:05:13 z4s-JasperLake-Platform kernel: [    0.348643] No Arguments are initialized for method [_CPC]
Feb 14 15:05:13 z4s-JasperLake-Platform kernel: [    0.348643] 
Feb 14 15:05:13 z4s-JasperLake-Platform kernel: [    0.348645] ACPI Error: Aborting method \_SB.PR01._CPC due to previous error (AE_NOT_FOUND) (20210730/psparse-529)
Feb 14 15:05:13 z4s-JasperLake-Platform kernel: [    0.348712] ACPI BIOS Error (bug): Could not resolve symbol [\_SB.PR00._CPC], AE_NOT_FOUND (20210730/psargs-330)
Feb 14 15:05:13 z4s-JasperLake-Platform kernel: [    0.348720] 
Feb 14 15:05:13 z4s-JasperLake-Platform kernel: [    0.348720] No Local Variables are initialized for Method [_CPC]
Feb 14 15:05:13 z4s-JasperLake-Platform kernel: [    0.348721] 
Feb 14 15:05:13 z4s-JasperLake-Platform kernel: [    0.348722] No Arguments are initialized for method [_CPC]
Feb 14 15:05:13 z4s-JasperLake-Platform kernel: [    0.348723] 
Feb 14 15:05:13 z4s-JasperLake-Platform kernel: [    0.348724] ACPI Error: Aborting method \_SB.PR02._CPC due to previous error (AE_NOT_FOUND) (20210730/psparse-529)
Feb 14 15:05:13 z4s-JasperLake-Platform kernel: [    0.348787] ACPI BIOS Error (bug): Could not resolve symbol [\_SB.PR00._CPC], AE_NOT_FOUND (20210730/psargs-330)
Feb 14 15:05:13 z4s-JasperLake-Platform kernel: [    0.348794] 
Feb 14 15:05:13 z4s-JasperLake-Platform kernel: [    0.348795] No Local Variables are initialized for Method [_CPC]
Feb 14 15:05:13 z4s-JasperLake-Platform kernel: [    0.348796] 
Feb 14 15:05:13 z4s-JasperLake-Platform kernel: [    0.348797] No Arguments are initialized for method [_CPC]
Feb 14 15:05:13 z4s-JasperLake-Platform kernel: [    0.348797] 
Feb 14 15:05:13 z4s-JasperLake-Platform kernel: [    0.348798] ACPI Error: Aborting method \_SB.PR03._CPC due to previous error (AE_NOT_FOUND) (20210730/psparse-529)
Feb 14 15:05:13 z4s-JasperLake-Platform kernel: [    0.350074] thermal LNXTHERM:00: registered as thermal_zone0
Feb 14 15:05:13 z4s-JasperLake-Platform kernel: [    0.350078] ACPI: thermal: Thermal Zone [TZ00] (28 C)
Feb 14 15:05:13 z4s-JasperLake-Platform kernel: [    0.350418] Serial: 8250/16550 driver, 32 ports, IRQ sharing enabled
Feb 14 15:05:13 z4s-JasperLake-Platform kernel: [    0.352635] hpet_acpi_add: no address or irqs in _CRS
Feb 14 15:05:13 z4s-JasperLake-Platform kernel: [    0.352736] Linux agpgart interface v0.103
Feb 14 15:05:13 z4s-JasperLake-Platform kernel: [    0.354584] loop: module loaded
Feb 14 15:05:13 z4s-JasperLake-Platform kernel: [    0.354925] tun: Universal TUN/TAP device driver, 1.6
Feb 14 15:05:13 z4s-JasperLake-Platform kernel: [    0.354964] PPP generic driver version 2.4.2
Feb 14 15:05:13 z4s-JasperLake-Platform kernel: [    0.355014] VFIO - User Level meta-driver version: 0.3
Feb 14 15:05:13 z4s-JasperLake-Platform kernel: [    0.355559] ehci_hcd: USB 2.0 'Enhanced' Host Controller (EHCI) Driver
Feb 14 15:05:13 z4s-JasperLake-Platform kernel: [    0.355567] ehci-pci: EHCI PCI platform driver
Feb 14 15:05:13 z4s-JasperLake-Platform kernel: [    0.355588] ehci-platform: EHCI generic platform driver
Feb 14 15:05:13 z4s-JasperLake-Platform kernel: [    0.355616] ohci_hcd: USB 1.1 'Open' Host Controller (OHCI) Driver
Feb 14 15:05:13 z4s-JasperLake-Platform kernel: [    0.355620] ohci-pci: OHCI PCI platform driver
Feb 14 15:05:13 z4s-JasperLake-Platform kernel: [    0.355627] ohci-platform: OHCI generic platform driver
Feb 14 15:05:13 z4s-JasperLake-Platform kernel: [    0.355633] uhci_hcd: USB Universal Host Controller Interface driver
Feb 14 15:05:13 z4s-JasperLake-Platform kernel: [    0.355689] i8042: PNP: No PS/2 controller found.
Feb 14 15:05:13 z4s-JasperLake-Platform kernel: [    0.355742] mousedev: PS/2 mouse device common for all mice
Feb 14 15:05:13 z4s-JasperLake-Platform kernel: [    0.355888] rtc_cmos rtc_cmos: RTC can wake from S4
Feb 14 15:05:13 z4s-JasperLake-Platform kernel: [    0.356539] rtc_cmos rtc_cmos: registered as rtc0
Feb 14 15:05:13 z4s-JasperLake-Platform kernel: [    0.356681] rtc_cmos rtc_cmos: setting system clock to 2023-02-14T07:05:05 UTC (1676358305)
Feb 14 15:05:13 z4s-JasperLake-Platform kernel: [    0.356700] rtc_cmos rtc_cmos: alarms up to one month, y3k, 114 bytes nvram
Feb 14 15:05:13 z4s-JasperLake-Platform kernel: [    0.356709] i2c_dev: i2c /dev entries driver
Feb 14 15:05:13 z4s-JasperLake-Platform kernel: [    0.357030] device-mapper: core: CONFIG_IMA_DISABLE_HTABLE is disabled. Duplicate IMA measurements will not be recorded in the IMA log.
Feb 14 15:05:13 z4s-JasperLake-Platform kernel: [    0.357072] device-mapper: uevent: version 1.0.3
Feb 14 15:05:13 z4s-JasperLake-Platform kernel: [    0.357135] device-mapper: ioctl: 4.45.0-ioctl (2021-03-22) initialised: dm-devel@redhat.com
Feb 14 15:05:13 z4s-JasperLake-Platform kernel: [    0.357160] platform eisa.0: Probing EISA bus 0
Feb 14 15:05:13 z4s-JasperLake-Platform kernel: [    0.357163] platform eisa.0: EISA: Cannot allocate resource for mainboard
Feb 14 15:05:13 z4s-JasperLake-Platform kernel: [    0.357165] platform eisa.0: Cannot allocate resource for EISA slot 1
Feb 14 15:05:13 z4s-JasperLake-Platform kernel: [    0.357166] platform eisa.0: Cannot allocate resource for EISA slot 2
Feb 14 15:05:13 z4s-JasperLake-Platform kernel: [    0.357167] platform eisa.0: Cannot allocate resource for EISA slot 3
Feb 14 15:05:13 z4s-JasperLake-Platform kernel: [    0.357168] platform eisa.0: Cannot allocate resource for EISA slot 4
Feb 14 15:05:13 z4s-JasperLake-Platform kernel: [    0.357169] platform eisa.0: Cannot allocate resource for EISA slot 5
Feb 14 15:05:13 z4s-JasperLake-Platform kernel: [    0.357170] platform eisa.0: Cannot allocate resource for EISA slot 6
Feb 14 15:05:13 z4s-JasperLake-Platform kernel: [    0.357171] platform eisa.0: Cannot allocate resource for EISA slot 7
Feb 14 15:05:13 z4s-JasperLake-Platform kernel: [    0.357173] platform eisa.0: Cannot allocate resource for EISA slot 8
Feb 14 15:05:13 z4s-JasperLake-Platform kernel: [    0.357173] platform eisa.0: EISA: Detected 0 cards
Feb 14 15:05:13 z4s-JasperLake-Platform kernel: [    0.357179] intel_pstate: Intel P-state driver initializing
Feb 14 15:05:13 z4s-JasperLake-Platform kernel: [    0.357320] intel_pstate: HWP enabled
Feb 14 15:05:13 z4s-JasperLake-Platform kernel: [    0.357350] ledtrig-cpu: registered to indicate activity on CPUs
Feb 14 15:05:13 z4s-JasperLake-Platform kernel: [    0.357382] efifb: probing for efifb
Feb 14 15:05:13 z4s-JasperLake-Platform kernel: [    0.357415] efifb: showing boot graphics
Feb 14 15:05:13 z4s-JasperLake-Platform kernel: [    0.361563] efifb: framebuffer at 0x4000000000, using 8100k, total 8100k
Feb 14 15:05:13 z4s-JasperLake-Platform kernel: [    0.361569] efifb: mode is 1920x1080x32, linelength=7680, pages=1
Feb 14 15:05:13 z4s-JasperLake-Platform kernel: [    0.361571] efifb: scrolling: redraw
Feb 14 15:05:13 z4s-JasperLake-Platform kernel: [    0.361571] efifb: Truecolor: size=8:8:8:8, shift=24:16:8:0
Feb 14 15:05:13 z4s-JasperLake-Platform kernel: [    0.361754] Console: switching to colour frame buffer device 240x67
Feb 14 15:05:13 z4s-JasperLake-Platform kernel: [    0.365655] fb0: EFI VGA frame buffer device
Feb 14 15:05:13 z4s-JasperLake-Platform kernel: [    0.365683] EFI Variables Facility v0.08 2004-May-17
Feb 14 15:05:13 z4s-JasperLake-Platform kernel: [    0.367169] intel_pmc_core INT33A1:00:  initialized
Feb 14 15:05:13 z4s-JasperLake-Platform kernel: [    0.367316] drop_monitor: Initializing network drop monitor service
Feb 14 15:05:13 z4s-JasperLake-Platform kernel: [    0.367510] NET: Registered PF_INET6 protocol family
Feb 14 15:05:13 z4s-JasperLake-Platform kernel: [    0.505106] Freeing initrd memory: 63372K
Feb 14 15:05:13 z4s-JasperLake-Platform kernel: [    0.512222] Segment Routing with IPv6
Feb 14 15:05:13 z4s-JasperLake-Platform kernel: [    0.512245] In-situ OAM (IOAM) with IPv6
Feb 14 15:05:13 z4s-JasperLake-Platform kernel: [    0.512273] NET: Registered PF_PACKET protocol family
Feb 14 15:05:13 z4s-JasperLake-Platform kernel: [    0.512310] Key type dns_resolver registered
Feb 14 15:05:13 z4s-JasperLake-Platform kernel: [    0.512748] microcode: sig=0x906c0, pf=0x1, revision=0x2400001f
Feb 14 15:05:13 z4s-JasperLake-Platform kernel: [    0.512808] microcode: Microcode Update Driver: v2.2.
Feb 14 15:05:13 z4s-JasperLake-Platform kernel: [    0.512847] resctrl: L2 allocation detected
Feb 14 15:05:13 z4s-JasperLake-Platform kernel: [    0.512853] IPI shorthand broadcast: enabled
Feb 14 15:05:13 z4s-JasperLake-Platform kernel: [    0.512862] sched_clock: Marking stable (506033584, 6800248)->(540308579, -27474747)
Feb 14 15:05:13 z4s-JasperLake-Platform kernel: [    0.512996] registered taskstats version 1
Feb 14 15:05:13 z4s-JasperLake-Platform kernel: [    0.513037] Loading compiled-in X.509 certificates
Feb 14 15:05:13 z4s-JasperLake-Platform kernel: [    0.513899] Loaded X.509 cert 'Build time autogenerated kernel key: 52e754b11b45338343277fbd8546035bc6526e3e'
Feb 14 15:05:13 z4s-JasperLake-Platform kernel: [    0.514664] Loaded X.509 cert 'Canonical Ltd. Live Patch Signing: 14df34d1a87cf37625abec039ef2bf521249b969'
Feb 14 15:05:13 z4s-JasperLake-Platform kernel: [    0.515420] Loaded X.509 cert 'Canonical Ltd. Kernel Module Signing: 88f752e560a1e0737e31163a466ad7b70a850c19'
Feb 14 15:05:13 z4s-JasperLake-Platform kernel: [    0.515422] blacklist: Loading compiled-in revocation X.509 certificates
Feb 14 15:05:13 z4s-JasperLake-Platform kernel: [    0.515443] Loaded X.509 cert 'Canonical Ltd. Secure Boot Signing: 61482aa2830d0ab2ad5af10b7250da9033ddcef0'
Feb 14 15:05:13 z4s-JasperLake-Platform kernel: [    0.515461] Loaded X.509 cert 'Canonical Ltd. Secure Boot Signing (2017): 242ade75ac4a15e50d50c84b0d45ff3eae707a03'
Feb 14 15:05:13 z4s-JasperLake-Platform kernel: [    0.515476] Loaded X.509 cert 'Canonical Ltd. Secure Boot Signing (ESM 2018): 365188c1d374d6b07c3c8f240f8ef722433d6a8b'
Feb 14 15:05:13 z4s-JasperLake-Platform kernel: [    0.515491] Loaded X.509 cert 'Canonical Ltd. Secure Boot Signing (2019): c0746fd6c5da3ae827864651ad66ae47fe24b3e8'
Feb 14 15:05:13 z4s-JasperLake-Platform kernel: [    0.515506] Loaded X.509 cert 'Canonical Ltd. Secure Boot Signing (2021 v1): a8d54bbb3825cfb94fa13c9f8a594a195c107b8d'
Feb 14 15:05:13 z4s-JasperLake-Platform kernel: [    0.515523] Loaded X.509 cert 'Canonical Ltd. Secure Boot Signing (2021 v2): 4cf046892d6fd3c9a5b03f98d845f90851dc6a8c'
Feb 14 15:05:13 z4s-JasperLake-Platform kernel: [    0.515538] Loaded X.509 cert 'Canonical Ltd. Secure Boot Signing (2021 v3): 100437bb6de6e469b581e61cd66bce3ef4ed53af'
Feb 14 15:05:13 z4s-JasperLake-Platform kernel: [    0.515555] Loaded X.509 cert 'Canonical Ltd. Secure Boot Signing (Ubuntu Core 2019): c1d57b8f6b743f23ee41f4f7ee292f06eecadfb9'
Feb 14 15:05:13 z4s-JasperLake-Platform kernel: [    0.515750] zswap: loaded using pool lzo/zbud
Feb 14 15:05:13 z4s-JasperLake-Platform kernel: [    0.516104] Key type .fscrypt registered
Feb 14 15:05:13 z4s-JasperLake-Platform kernel: [    0.516107] Key type fscrypt-provisioning registered
Feb 14 15:05:13 z4s-JasperLake-Platform kernel: [    0.519187] Key type encrypted registered
Feb 14 15:05:13 z4s-JasperLake-Platform kernel: [    0.519212] AppArmor: AppArmor sha1 policy hashing enabled
Feb 14 15:05:13 z4s-JasperLake-Platform kernel: [    0.519512] integrity: Loading X.509 certificate: UEFI:MokListRT (MOKvar table)
Feb 14 15:05:13 z4s-JasperLake-Platform kernel: [    0.519814] integrity: Loaded X.509 cert 'Canonical Ltd. Master Certificate Authority: ad91990bc22ab1f517048c23b6655a268e345a63'
Feb 14 15:05:13 z4s-JasperLake-Platform kernel: [    0.519818] ima: No TPM chip found, activating TPM-bypass!
Feb 14 15:05:13 z4s-JasperLake-Platform kernel: [    0.519821] Loading compiled-in module X.509 certificates
Feb 14 15:05:13 z4s-JasperLake-Platform kernel: [    0.520589] Loaded X.509 cert 'Build time autogenerated kernel key: 52e754b11b45338343277fbd8546035bc6526e3e'
Feb 14 15:05:13 z4s-JasperLake-Platform kernel: [    0.520591] ima: Allocated hash algorithm: sha1
Feb 14 15:05:13 z4s-JasperLake-Platform kernel: [    0.520598] ima: No architecture policies found
Feb 14 15:05:13 z4s-JasperLake-Platform kernel: [    0.520618] evm: Initialising EVM extended attributes:
Feb 14 15:05:13 z4s-JasperLake-Platform kernel: [    0.520619] evm: security.selinux
Feb 14 15:05:13 z4s-JasperLake-Platform kernel: [    0.520620] evm: security.SMACK64
Feb 14 15:05:13 z4s-JasperLake-Platform kernel: [    0.520621] evm: security.SMACK64EXEC
Feb 14 15:05:13 z4s-JasperLake-Platform kernel: [    0.520622] evm: security.SMACK64TRANSMUTE
Feb 14 15:05:13 z4s-JasperLake-Platform kernel: [    0.520622] evm: security.SMACK64MMAP
Feb 14 15:05:13 z4s-JasperLake-Platform kernel: [    0.520623] evm: security.apparmor
Feb 14 15:05:13 z4s-JasperLake-Platform kernel: [    0.520624] evm: security.ima
Feb 14 15:05:13 z4s-JasperLake-Platform kernel: [    0.520624] evm: security.capability
Feb 14 15:05:13 z4s-JasperLake-Platform kernel: [    0.520625] evm: HMAC attrs: 0x1
Feb 14 15:05:13 z4s-JasperLake-Platform kernel: [    0.520906] PM:   Magic number: 11:280:66
Feb 14 15:05:13 z4s-JasperLake-Platform kernel: [    0.521114] RAS: Correctable Errors collector initialized.
Feb 14 15:05:13 z4s-JasperLake-Platform kernel: [    0.522394] Freeing unused decrypted memory: 2036K
Feb 14 15:05:13 z4s-JasperLake-Platform kernel: [    0.523009] Freeing unused kernel image (initmem) memory: 3236K
Feb 14 15:05:13 z4s-JasperLake-Platform kernel: [    0.545850] Write protecting the kernel read-only data: 30720k
Feb 14 15:05:13 z4s-JasperLake-Platform kernel: [    0.547086] Freeing unused kernel image (text/rodata gap) memory: 2036K
Feb 14 15:05:13 z4s-JasperLake-Platform kernel: [    0.547858] Freeing unused kernel image (rodata/data gap) memory: 1496K
Feb 14 15:05:13 z4s-JasperLake-Platform kernel: [    0.571930] x86/mm: Checked W+X mappings: passed, no W+X pages found.
Feb 14 15:05:13 z4s-JasperLake-Platform kernel: [    0.571938] Run /init as init process
Feb 14 15:05:13 z4s-JasperLake-Platform kernel: [    0.571939]   with arguments:
Feb 14 15:05:13 z4s-JasperLake-Platform kernel: [    0.571941]     /init
Feb 14 15:05:13 z4s-JasperLake-Platform kernel: [    0.571942]     splash
Feb 14 15:05:13 z4s-JasperLake-Platform kernel: [    0.571942]   with environment:
Feb 14 15:05:13 z4s-JasperLake-Platform kernel: [    0.571943]     HOME=/
Feb 14 15:05:13 z4s-JasperLake-Platform kernel: [    0.571944]     TERM=linux
Feb 14 15:05:13 z4s-JasperLake-Platform kernel: [    0.571945]     BOOT_IMAGE=/boot/vmlinuz-5.15.0-60-generic
Feb 14 15:05:13 z4s-JasperLake-Platform kernel: [    0.684437] acpi PNP0C14:01: duplicate WMI GUID 05901221-D566-11D1-B2F0-00A0C9062910 (first instance was on PNP0C14:00)
Feb 14 15:05:13 z4s-JasperLake-Platform kernel: [    0.684843] acpi PNP0C14:02: duplicate WMI GUID 05901221-D566-11D1-B2F0-00A0C9062910 (first instance was on PNP0C14:00)
Feb 14 15:05:13 z4s-JasperLake-Platform kernel: [    0.687560] xhci_hcd 0000:00:14.0: xHCI Host Controller
Feb 14 15:05:13 z4s-JasperLake-Platform kernel: [    0.687570] xhci_hcd 0000:00:14.0: new USB bus registered, assigned bus number 1
Feb 14 15:05:13 z4s-JasperLake-Platform kernel: [    0.688671] xhci_hcd 0000:00:14.0: hcc params 0x20007fc1 hci version 0x110 quirks 0x0000000000009810
Feb 14 15:05:13 z4s-JasperLake-Platform kernel: [    0.688968] xhci_hcd 0000:00:14.0: xHCI Host Controller
Feb 14 15:05:13 z4s-JasperLake-Platform kernel: [    0.688972] xhci_hcd 0000:00:14.0: new USB bus registered, assigned bus number 2
Feb 14 15:05:13 z4s-JasperLake-Platform kernel: [    0.688975] xhci_hcd 0000:00:14.0: Host supports USB 3.1 Enhanced SuperSpeed
Feb 14 15:05:13 z4s-JasperLake-Platform kernel: [    0.689556] usb usb1: New USB device found, idVendor=1d6b, idProduct=0002, bcdDevice= 5.15
Feb 14 15:05:13 z4s-JasperLake-Platform kernel: [    0.689560] usb usb1: New USB device strings: Mfr=3, Product=2, SerialNumber=1
Feb 14 15:05:13 z4s-JasperLake-Platform kernel: [    0.689562] usb usb1: Product: xHCI Host Controller
Feb 14 15:05:13 z4s-JasperLake-Platform kernel: [    0.689563] usb usb1: Manufacturer: Linux 5.15.0-60-generic xhci-hcd
Feb 14 15:05:13 z4s-JasperLake-Platform kernel: [    0.689564] usb usb1: SerialNumber: 0000:00:14.0
Feb 14 15:05:13 z4s-JasperLake-Platform kernel: [    0.692157] Intel(R) 2.5G Ethernet Linux Driver
Feb 14 15:05:13 z4s-JasperLake-Platform kernel: [    0.692160] Copyright(c) 2018 Intel Corporation.
Feb 14 15:05:13 z4s-JasperLake-Platform kernel: [    0.692359] igc 0000:01:00.0: PTM enabled, 4ns granularity
Feb 14 15:05:13 z4s-JasperLake-Platform kernel: [    0.705462] hub 1-0:1.0: USB hub found
Feb 14 15:05:13 z4s-JasperLake-Platform kernel: [    0.705489] hub 1-0:1.0: 8 ports detected
Feb 14 15:05:13 z4s-JasperLake-Platform kernel: [    0.719566] usb usb2: New USB device found, idVendor=1d6b, idProduct=0003, bcdDevice= 5.15
Feb 14 15:05:13 z4s-JasperLake-Platform kernel: [    0.719572] usb usb2: New USB device strings: Mfr=3, Product=2, SerialNumber=1
Feb 14 15:05:13 z4s-JasperLake-Platform kernel: [    0.719574] usb usb2: Product: xHCI Host Controller
Feb 14 15:05:13 z4s-JasperLake-Platform kernel: [    0.719576] usb usb2: Manufacturer: Linux 5.15.0-60-generic xhci-hcd
Feb 14 15:05:13 z4s-JasperLake-Platform kernel: [    0.719577] usb usb2: SerialNumber: 0000:00:14.0
Feb 14 15:05:13 z4s-JasperLake-Platform kernel: [    0.722280] hub 2-0:1.0: USB hub found
Feb 14 15:05:13 z4s-JasperLake-Platform kernel: [    0.726576] hub 2-0:1.0: 6 ports detected
Feb 14 15:05:13 z4s-JasperLake-Platform kernel: [    0.729984] usb: port power management may be unreliable
Feb 14 15:05:13 z4s-JasperLake-Platform kernel: [    0.737566] sdhci: Secure Digital Host Controller Interface driver
Feb 14 15:05:13 z4s-JasperLake-Platform kernel: [    0.737569] sdhci: Copyright(c) Pierre Ossman
Feb 14 15:05:13 z4s-JasperLake-Platform kernel: [    0.737816] pps pps0: new PPS source ptp0
Feb 14 15:05:13 z4s-JasperLake-Platform kernel: [    0.739165] igc 0000:01:00.0 (unnamed net_device) (uninitialized): PHC added
Feb 14 15:05:13 z4s-JasperLake-Platform kernel: [    0.739519] i801_smbus 0000:00:1f.4: enabling device (0000 -> 0003)
Feb 14 15:05:13 z4s-JasperLake-Platform kernel: [    0.739746] i801_smbus 0000:00:1f.4: SPD Write Disable is set
Feb 14 15:05:13 z4s-JasperLake-Platform kernel: [    0.739821] i801_smbus 0000:00:1f.4: SMBus using PCI interrupt
Feb 14 15:05:13 z4s-JasperLake-Platform kernel: [    0.741581] ahci 0000:02:00.0: version 3.0
Feb 14 15:05:13 z4s-JasperLake-Platform kernel: [    0.742557] i2c i2c-0: 1/2 memory slots populated (from DMI)
Feb 14 15:05:13 z4s-JasperLake-Platform kernel: [    0.744114] sdhci-pci 0000:00:1a.0: SDHCI controller found [8086:4dc4] (rev 1)
Feb 14 15:05:13 z4s-JasperLake-Platform kernel: [    0.744628] mmc0: CQHCI version 5.10
Feb 14 15:05:13 z4s-JasperLake-Platform kernel: [    0.745258] ahci 0000:02:00.0: SSS flag set, parallel bus scan disabled
Feb 14 15:05:13 z4s-JasperLake-Platform kernel: [    0.745320] ahci 0000:02:00.0: AHCI 0001.0301 32 slots 5 ports 6 Gbps 0x1f impl SATA mode
Feb 14 15:05:13 z4s-JasperLake-Platform kernel: [    0.745323] ahci 0000:02:00.0: flags: 64bit ncq sntf stag pm led clo pmp fbs pio slum part ccc apst boh 
Feb 14 15:05:13 z4s-JasperLake-Platform kernel: [    0.745974] mmc0: SDHCI controller on PCI [0000:00:1a.0] using ADMA 64-bit
Feb 14 15:05:13 z4s-JasperLake-Platform kernel: [    0.748888] nvme nvme0: pci function 0000:04:00.0
Feb 14 15:05:13 z4s-JasperLake-Platform kernel: [    0.749367] scsi host0: ahci
Feb 14 15:05:13 z4s-JasperLake-Platform kernel: [    0.749715] scsi host1: ahci
Feb 14 15:05:13 z4s-JasperLake-Platform kernel: [    0.749935] scsi host2: ahci
Feb 14 15:05:13 z4s-JasperLake-Platform kernel: [    0.750148] scsi host3: ahci
Feb 14 15:05:13 z4s-JasperLake-Platform kernel: [    0.750364] scsi host4: ahci
Feb 14 15:05:13 z4s-JasperLake-Platform kernel: [    0.750406] ata1: SATA max UDMA/133 abar m8192@0x7ff00000 port 0x7ff00100 irq 132
Feb 14 15:05:13 z4s-JasperLake-Platform kernel: [    0.750411] ata2: SATA max UDMA/133 abar m8192@0x7ff00000 port 0x7ff00180 irq 133
Feb 14 15:05:13 z4s-JasperLake-Platform kernel: [    0.750414] ata3: SATA max UDMA/133 abar m8192@0x7ff00000 port 0x7ff00200 irq 134
Feb 14 15:05:13 z4s-JasperLake-Platform kernel: [    0.750416] ata4: SATA max UDMA/133 abar m8192@0x7ff00000 port 0x7ff00280 irq 135
Feb 14 15:05:13 z4s-JasperLake-Platform kernel: [    0.750419] ata5: SATA max UDMA/133 abar m8192@0x7ff00000 port 0x7ff00300 irq 136
Feb 14 15:05:13 z4s-JasperLake-Platform kernel: [    0.762693] igc 0000:01:00.0: 4.000 Gb/s available PCIe bandwidth (5.0 GT/s PCIe x1 link)
Feb 14 15:05:13 z4s-JasperLake-Platform kernel: [    0.762698] igc 0000:01:00.0 eth0: MAC: 1c:83:41:e3:33:cd
Feb 14 15:05:13 z4s-JasperLake-Platform kernel: [    0.762908] igc 0000:03:00.0: PTM enabled, 4ns granularity
Feb 14 15:05:13 z4s-JasperLake-Platform kernel: [    0.809744] pps pps1: new PPS source ptp1
Feb 14 15:05:13 z4s-JasperLake-Platform kernel: [    0.809818] igc 0000:03:00.0 (unnamed net_device) (uninitialized): PHC added
Feb 14 15:05:13 z4s-JasperLake-Platform kernel: [    0.825524] nvme nvme0: 4/0/0 default/read/poll queues
Feb 14 15:05:13 z4s-JasperLake-Platform kernel: [    0.833056]  nvme0n1: p1 p2 p3 p4
Feb 14 15:05:13 z4s-JasperLake-Platform kernel: [    0.835007] igc 0000:03:00.0: 4.000 Gb/s available PCIe bandwidth (5.0 GT/s PCIe x1 link)
Feb 14 15:05:13 z4s-JasperLake-Platform kernel: [    0.835022] igc 0000:03:00.0 eth1: MAC: 1c:83:41:e3:33:ce
Feb 14 15:05:13 z4s-JasperLake-Platform kernel: [    0.847042] mmc0: Command Queue Engine enabled
Feb 14 15:05:13 z4s-JasperLake-Platform kernel: [    0.847066] mmc0: new HS400 Enhanced strobe MMC card at address 0001
Feb 14 15:05:13 z4s-JasperLake-Platform kernel: [    0.849666] igc 0000:01:00.0 enp1s0: renamed from eth0
Feb 14 15:05:13 z4s-JasperLake-Platform kernel: [    1.057682] usb 1-3: new high-speed USB device number 2 using xhci_hcd
Feb 14 15:05:13 z4s-JasperLake-Platform kernel: [    1.061863] ata1: SATA link down (SStatus 0 SControl 300)
Feb 14 15:05:13 z4s-JasperLake-Platform kernel: [    1.206240] usb 1-3: New USB device found, idVendor=1a40, idProduct=0101, bcdDevice= 1.00
Feb 14 15:05:13 z4s-JasperLake-Platform kernel: [    1.206260] usb 1-3: New USB device strings: Mfr=0, Product=1, SerialNumber=0
Feb 14 15:05:13 z4s-JasperLake-Platform kernel: [    1.206266] usb 1-3: Product: USB2.0 HUB
Feb 14 15:05:13 z4s-JasperLake-Platform kernel: [    1.207653] hub 1-3:1.0: USB hub found
Feb 14 15:05:13 z4s-JasperLake-Platform kernel: [    1.207761] hub 1-3:1.0: 4 ports detected
Feb 14 15:05:13 z4s-JasperLake-Platform kernel: [    1.375810] ata2: SATA link down (SStatus 0 SControl 300)
Feb 14 15:05:13 z4s-JasperLake-Platform kernel: [    1.593596] usb 1-3.2: new low-speed USB device number 3 using xhci_hcd
Feb 14 15:05:13 z4s-JasperLake-Platform kernel: [    1.689188] ata3: SATA link down (SStatus 0 SControl 300)
Feb 14 15:05:13 z4s-JasperLake-Platform kernel: [    1.821753] usb 1-3.2: New USB device found, idVendor=17ef, idProduct=602d, bcdDevice= 1.30
Feb 14 15:05:13 z4s-JasperLake-Platform kernel: [    1.821772] usb 1-3.2: New USB device strings: Mfr=1, Product=2, SerialNumber=0
Feb 14 15:05:13 z4s-JasperLake-Platform kernel: [    1.821779] usb 1-3.2: Product: Lenovo Black Silk USB Keyboard
Feb 14 15:05:13 z4s-JasperLake-Platform kernel: [    1.821783] usb 1-3.2: Manufacturer: Lenovo
Feb 14 15:05:13 z4s-JasperLake-Platform kernel: [    1.839476] hid: raw HID events driver (C) Jiri Kosina
Feb 14 15:05:13 z4s-JasperLake-Platform kernel: [    2.004819] ata4: SATA link down (SStatus 0 SControl 300)
Feb 14 15:05:13 z4s-JasperLake-Platform kernel: [    2.009624] usb 1-3.3: new low-speed USB device number 4 using xhci_hcd
Feb 14 15:05:13 z4s-JasperLake-Platform kernel: [    2.215902] usb 1-3.3: New USB device found, idVendor=093a, idProduct=2510, bcdDevice= 1.00
Feb 14 15:05:13 z4s-JasperLake-Platform kernel: [    2.215921] usb 1-3.3: New USB device strings: Mfr=1, Product=2, SerialNumber=0
Feb 14 15:05:13 z4s-JasperLake-Platform kernel: [    2.215928] usb 1-3.3: Product: USB Optical Mouse
Feb 14 15:05:13 z4s-JasperLake-Platform kernel: [    2.215932] usb 1-3.3: Manufacturer: PixArt
Feb 14 15:05:13 z4s-JasperLake-Platform kernel: [    2.267411] usbcore: registered new interface driver usbhid
Feb 14 15:05:13 z4s-JasperLake-Platform kernel: [    2.267425] usbhid: USB HID core driver
Feb 14 15:05:13 z4s-JasperLake-Platform kernel: [    2.318852] ata5: SATA link down (SStatus 0 SControl 300)
Feb 14 15:05:13 z4s-JasperLake-Platform kernel: [    2.327012] igc 0000:03:00.0 enp3s0: renamed from eth1
Feb 14 15:05:13 z4s-JasperLake-Platform kernel: [    2.329773] input: Lenovo Lenovo Black Silk USB Keyboard as /devices/pci0000:00/0000:00:14.0/usb1/1-3/1-3.2/1-3.2:1.0/0003:17EF:602D.0001/input/input3
Feb 14 15:05:13 z4s-JasperLake-Platform kernel: [    2.329858] mmcblk0: mmc0:0001 AJTD4R 14.6 GiB 
Feb 14 15:05:13 z4s-JasperLake-Platform kernel: [    2.333245]  mmcblk0: p1 p2
Feb 14 15:05:13 z4s-JasperLake-Platform kernel: [    2.333454] mmcblk0boot0: mmc0:0001 AJTD4R 4.00 MiB 
Feb 14 15:05:13 z4s-JasperLake-Platform kernel: [    2.333844] mmcblk0boot1: mmc0:0001 AJTD4R 4.00 MiB 
Feb 14 15:05:13 z4s-JasperLake-Platform kernel: [    2.334908] mmcblk0rpmb: mmc0:0001 AJTD4R 4.00 MiB, chardev (236:0)
Feb 14 15:05:13 z4s-JasperLake-Platform kernel: [    2.389859] hid-generic 0003:17EF:602D.0001: input,hidraw0: USB HID v1.11 Keyboard [Lenovo Lenovo Black Silk USB Keyboard] on usb-0000:00:14.0-3.2/input0
Feb 14 15:05:13 z4s-JasperLake-Platform kernel: [    2.390063] input: Lenovo Lenovo Black Silk USB Keyboard System Control as /devices/pci0000:00/0000:00:14.0/usb1/1-3/1-3.2/1-3.2:1.1/0003:17EF:602D.0002/input/input4
Feb 14 15:05:13 z4s-JasperLake-Platform kernel: [    2.450026] input: Lenovo Lenovo Black Silk USB Keyboard Consumer Control as /devices/pci0000:00/0000:00:14.0/usb1/1-3/1-3.2/1-3.2:1.1/0003:17EF:602D.0002/input/input5
Feb 14 15:05:13 z4s-JasperLake-Platform kernel: [    2.450444] hid-generic 0003:17EF:602D.0002: input,hidraw1: USB HID v1.11 Device [Lenovo Lenovo Black Silk USB Keyboard] on usb-0000:00:14.0-3.2/input1
Feb 14 15:05:13 z4s-JasperLake-Platform kernel: [    2.450916] input: PixArt USB Optical Mouse as /devices/pci0000:00/0000:00:14.0/usb1/1-3/1-3.3/1-3.3:1.0/0003:093A:2510.0003/input/input6
Feb 14 15:05:13 z4s-JasperLake-Platform kernel: [    2.451439] hid-generic 0003:093A:2510.0003: input,hidraw2: USB HID v1.11 Mouse [PixArt USB Optical Mouse] on usb-0000:00:14.0-3.3/input0
Feb 14 15:05:13 z4s-JasperLake-Platform kernel: [    2.549720] EXT4-fs (mmcblk0p2): mounted filesystem with ordered data mode. Opts: (null). Quota mode: none.
Feb 14 15:05:13 z4s-JasperLake-Platform kernel: [    3.047930] EXT4-fs (mmcblk0p2): re-mounted. Opts: errors=remount-ro. Quota mode: none.
Feb 14 15:05:13 z4s-JasperLake-Platform kernel: [    3.050842] lp: driver loaded but no devices found
Feb 14 15:05:13 z4s-JasperLake-Platform kernel: [    3.057385] ppdev: user-space parallel port driver
Feb 14 15:05:13 z4s-JasperLake-Platform kernel: [    3.060282] Adding 682488k swap on /swapfile.  Priority:-2 extents:3 across:698872k SSFS
Feb 14 15:05:13 z4s-JasperLake-Platform kernel: [    3.143001] loop0: detected capacity change from 0 to 8
Feb 14 15:05:13 z4s-JasperLake-Platform kernel: [    3.169570] loop1: detected capacity change from 0 to 509456
Feb 14 15:05:13 z4s-JasperLake-Platform kernel: [    3.169689] loop2: detected capacity change from 0 to 89264
Feb 14 15:05:13 z4s-JasperLake-Platform kernel: [    3.189572] loop3: detected capacity change from 0 to 126792
Feb 14 15:05:13 z4s-JasperLake-Platform kernel: [    3.209590] loop4: detected capacity change from 0 to 133552
Feb 14 15:05:13 z4s-JasperLake-Platform kernel: [    3.227915] loop5: detected capacity change from 0 to 111080
Feb 14 15:05:13 z4s-JasperLake-Platform kernel: [    3.383126] mei_me 0000:00:16.0: enabling device (0000 -> 0002)
Feb 14 15:05:13 z4s-JasperLake-Platform kernel: [    3.483905] proc_thermal 0000:00:04.0: enabling device (0000 -> 0002)
Feb 14 15:05:13 z4s-JasperLake-Platform kernel: [    3.601099] pstore: Using crash dump compression: deflate
Feb 14 15:05:13 z4s-JasperLake-Platform kernel: [    3.601118] pstore: Registered efi as persistent store backend
Feb 14 15:05:13 z4s-JasperLake-Platform kernel: [    3.641605] Console: switching to colour dummy device 80x25
Feb 14 15:05:13 z4s-JasperLake-Platform kernel: [    3.641682] i915 0000:00:02.0: vgaarb: deactivate vga console
Feb 14 15:05:13 z4s-JasperLake-Platform kernel: [    3.648626] input: Huawei WMI hotkeys as /devices/platform/huawei-wmi/input/input7
Feb 14 15:05:13 z4s-JasperLake-Platform kernel: [    3.649511] i915 0000:00:02.0: vgaarb: changed VGA decodes: olddecodes=io+mem,decodes=io+mem:owns=io+mem
Feb 14 15:05:13 z4s-JasperLake-Platform kernel: [    3.655967] i915 0000:00:02.0: [drm] Finished loading DMC firmware i915/icl_dmc_ver1_09.bin (v1.9)
Feb 14 15:05:13 z4s-JasperLake-Platform kernel: [    3.689646] cryptd: max_cpu_qlen set to 1000
Feb 14 15:05:13 z4s-JasperLake-Platform kernel: [    3.734098] [drm] Initialized i915 1.6.0 20201103 for 0000:00:02.0 on minor 0
Feb 14 15:05:13 z4s-JasperLake-Platform kernel: [    3.737480] ACPI: video: Video Device [GFX0] (multi-head: yes  rom: no  post: no)
Feb 14 15:05:13 z4s-JasperLake-Platform kernel: [    3.738814] input: Video Bus as /devices/LNXSYSTM:00/LNXSYBUS:00/PNP0A08:00/LNXVIDEO:00/input/input8
Feb 14 15:05:13 z4s-JasperLake-Platform kernel: [    3.762186] SSE version of gcm_enc/dec engaged.
Feb 14 15:05:13 z4s-JasperLake-Platform kernel: [    3.775691] fbcon: i915drmfb (fb0) is primary device
Feb 14 15:05:13 z4s-JasperLake-Platform kernel: [    3.801746] Console: switching to colour frame buffer device 240x67
